Archive member included to satisfy reference by file (symbol)

/home/ek-181/button/bin/stm32f0discovery/core.a(sched.o)
                              /home/ek-181/button/bin/stm32f0discovery/newlib_syscalls_default/syscalls.o (sched_active_pid)
/home/ek-181/button/bin/stm32f0discovery/core.a(bitarithm.o)
                              /home/ek-181/button/bin/stm32f0discovery/core.a(sched.o) (MultiplyDeBruijnBitPosition)
/home/ek-181/button/bin/stm32f0discovery/cortexm_common.a(thread_arch.o)
                              /home/ek-181/button/bin/stm32f0discovery/core.a(sched.o) (cpu_switch_context_exit)
/home/ek-181/button/bin/stm32f0discovery/cortexm_common.a(vectors_cortexm.o)
                              /home/ek-181/button/bin/stm32f0discovery/cpu/vectors.o (dummy_handler_default)
/home/ek-181/button/bin/stm32f0discovery/cortexm_common.a(irq_arch.o)
                              /home/ek-181/button/bin/stm32f0discovery/newlib_syscalls_default/syscalls.o (irq_disable)
/home/ek-181/button/bin/stm32f0discovery/div.a(div.o)
                              /home/ek-181/button/bin/stm32f0discovery/newlib_syscalls_default/syscalls.o (_div_mulhi64)
/home/ek-181/button/bin/stm32f0discovery/stdio_uart.a(stdio_uart.o)
                              /home/ek-181/button/bin/stm32f0discovery/newlib_syscalls_default/syscalls.o (stdio_init)
/home/ek-181/button/bin/stm32f0discovery/stm32_common_periph.a(uart.o)
                              /home/ek-181/button/bin/stm32f0discovery/stdio_uart.a(stdio_uart.o) (uart_write)
/home/ek-181/button/bin/stm32f0discovery/stm32_common_periph.a(gpio.o)
                              /home/ek-181/button/bin/stm32f0discovery/stm32_common_periph.a(uart.o) (gpio_init)
/home/ek-181/button/bin/stm32f0discovery/xtimer.a(xtimer_core.o)
                              /home/ek-181/button/bin/stm32f0discovery/newlib_syscalls_default/syscalls.o (_xtimer_now64)
/home/ek-181/button/bin/stm32f0discovery/periph_common.a(pm.o)
                              /home/ek-181/button/bin/stm32f0discovery/newlib_syscalls_default/syscalls.o (pm_off)
/home/ek-181/button/bin/stm32f0discovery/board.a(board.o)
                              /home/ek-181/button/bin/stm32f0discovery/cortexm_common.a(vectors_cortexm.o) (board_init)
/home/ek-181/button/bin/stm32f0discovery/core.a(panic.o)
                              /home/ek-181/button/bin/stm32f0discovery/cortexm_common.a(vectors_cortexm.o) (core_panic)
/home/ek-181/button/bin/stm32f0discovery/core.a(kernel_init.o)
                              /home/ek-181/button/bin/stm32f0discovery/cortexm_common.a(vectors_cortexm.o) (kernel_init)
/home/ek-181/button/bin/stm32f0discovery/core.a(thread.o)
                              /home/ek-181/button/bin/stm32f0discovery/core.a(kernel_init.o) (thread_create)
/home/ek-181/button/bin/stm32f0discovery/cortexm_common_periph.a(pm.o)
                              /home/ek-181/button/bin/stm32f0discovery/core.a(kernel_init.o) (pm_set_lowest)
/home/ek-181/button/bin/stm32f0discovery/isrpipe.a(isrpipe.o)
                              /home/ek-181/button/bin/stm32f0discovery/stdio_uart.a(stdio_uart.o) (isrpipe_write_one)
/home/ek-181/button/bin/stm32f0discovery/stm32_common.a(cpu_init.o)
                              /home/ek-181/button/bin/stm32f0discovery/board.a(board.o) (cpu_init)
/home/ek-181/button/bin/stm32f0discovery/stm32_common.a(cpu_common.o)
                              /home/ek-181/button/bin/stm32f0discovery/stm32_common_periph.a(uart.o) (periph_apb_clk)
/home/ek-181/button/bin/stm32f0discovery/stm32_common.a(stmclk.o)
                              /home/ek-181/button/bin/stm32f0discovery/stm32_common.a(cpu_init.o) (stmclk_init_sysclk)
/home/ek-181/button/bin/stm32f0discovery/stm32_common.a(stmclk_common.o)
                              /home/ek-181/button/bin/stm32f0discovery/stm32_common.a(stmclk.o) (stmclk_enable_hsi)
/home/ek-181/button/bin/stm32f0discovery/stm32_common_periph.a(timer.o)
                              /home/ek-181/button/bin/stm32f0discovery/xtimer.a(xtimer_core.o) (timer_set_absolute)
/home/ek-181/button/bin/stm32f0discovery/tsrb.a(tsrb.o)
                              /home/ek-181/button/bin/stm32f0discovery/isrpipe.a(isrpipe.o) (tsrb_get)
/home/ek-181/button/bin/stm32f0discovery/periph_common.a(init.o)
                              /home/ek-181/button/bin/stm32f0discovery/stm32_common.a(cpu_init.o) (periph_init)
/home/ek-181/button/bin/stm32f0discovery/application_button.a(main.o)
                              /home/ek-181/button/bin/stm32f0discovery/core.a(kernel_init.o) (main)
/home/ek-181/button/bin/stm32f0discovery/auto_init.a(auto_init.o)
                              /home/ek-181/button/bin/stm32f0discovery/core.a(kernel_init.o) (auto_init)
/home/ek-181/button/bin/stm32f0discovery/core.a(mutex.o)
                              /home/ek-181/button/bin/stm32f0discovery/isrpipe.a(isrpipe.o) (_mutex_lock)
/home/ek-181/button/bin/stm32f0discovery/cortexm_common.a(cortexm_init.o)
[...]
Memory Configuration

Name             Origin             Length             Attributes
ccmram           0x0000000010000000 0x0000000000000000
rom              0x0000000008000000 0x0000000000010000 xr
ram              0x0000000020000000 0x0000000000002000 w !xr
*default*        0x0000000000000000 0xffffffffffffffff

Linker script and memory map

LOAD /home/ek-181/button/bin/stm32f0discovery/cpu/vectors.o
LOAD /home/ek-181/button/bin/stm32f0discovery/newlib_syscalls_default/syscalls.o
START GROUP
LOAD /home/ek-181/button/bin/stm32f0discovery/application_button.a
LOAD /home/ek-181/button/bin/stm32f0discovery/auto_init.a
LOAD /home/ek-181/button/bin/stm32f0discovery/board.a
LOAD /home/ek-181/button/bin/stm32f0discovery/core.a
LOAD /home/ek-181/button/bin/stm32f0discovery/cortexm_common.a
LOAD /home/ek-181/button/bin/stm32f0discovery/cortexm_common_periph.a
LOAD /home/ek-181/button/bin/stm32f0discovery/cpu.a
LOAD /home/ek-181/button/bin/stm32f0discovery/div.a
LOAD /home/ek-181/button/bin/stm32f0discovery/isrpipe.a
LOAD /home/ek-181/button/bin/stm32f0discovery/newlib_syscalls_default.a
LOAD /home/ek-181/button/bin/stm32f0discovery/periph.a
LOAD /home/ek-181/button/bin/stm32f0discovery/stdio_uart.a
LOAD /home/ek-181/button/bin/stm32f0discovery/stm32_common.a
LOAD /home/ek-181/button/bin/stm32f0discovery/stm32_common_periph.a
LOAD /home/ek-181/button/bin/stm32f0discovery/sys.a
LOAD /home/ek-181/button/bin/stm32f0discovery/tsrb.a
LOAD /home/ek-181/button/bin/stm32f0discovery/xtimer.a
LOAD /home/ek-181/button/bin/stm32f0discovery/periph_common.a
LOAD /usr/bin/../lib/gcc/arm-none-eabi/7.3.1/../../../../arm-none-eabi/lib/thumb/v6-m/libm.a
END GROUP
LOAD /usr/bin/../lib/gcc/arm-none-eabi/7.3.1/thumb/v6-m/libgcc.a
                0x0000000008000000                _rom_start_addr = 0x8000000
                0x0000000020000000                _ram_start_addr = 0x20000000
                0x0000000000010000                _rom_length = 0x10000
                0x0000000000002000                _ram_length = 0x2000
LOAD /usr/bin/../lib/gcc/arm-none-eabi/7.3.1/../../../../arm-none-eabi/lib/thumb/v6-m/libc_nano.a
START GROUP
LOAD /usr/bin/../lib/gcc/arm-none-eabi/7.3.1/thumb/v6-m/libgcc.a
LOAD /usr/bin/../lib/gcc/arm-none-eabi/7.3.1/../../../../arm-none-eabi/lib/thumb/v6-m/libg_nano.a
LOAD /usr/bin/../lib/gcc/arm-none-eabi/7.3.1/../../../../arm-none-eabi/lib/thumb/v6-m/libc_nano.a
END GROUP
START GROUP
LOAD /usr/bin/../lib/gcc/arm-none-eabi/7.3.1/thumb/v6-m/libgcc.a
LOAD /usr/bin/../lib/gcc/arm-none-eabi/7.3.1/../../../../arm-none-eabi/lib/thumb/v6-m/libc_nano.a
END GROUP
                0x0000000000000000                ccmram_length = DEFINED (ccmram_len)?ccmram_len:0x0
                0x0000000000000000                _rom_offset = DEFINED (_rom_offset)?_rom_offset:0x0
                0x0000000000010000                _fw_rom_length = DEFINED (_fw_rom_length)?_fw_rom_length:(_rom_length - _rom_offset)
                0x0000000000000001                ASSERT ((_fw_rom_length <= (_rom_length - _rom_offset)), Specified firmware size does not fit in ROM)

.text           0x0000000008000000     0x2424
                0x0000000008000000                . = ALIGN (0x4)
                0x0000000008000000                _sfixed = .
                0x0000000008000000                _isr_vectors = DEFINED (_isr_vectors)?_isr_vectors:.
 *(SORT_BY_NAME(.vectors*))
 .vectors.0     0x0000000008000000       0x40 /home/ek-181/button/bin/stm32f0discovery/cortexm_common.a(vectors_cortexm.o)
                0x0000000008000000                cortex_vector_base
 .vectors.1     0x0000000008000040       0x7c /home/ek-181/button/bin/stm32f0discovery/cpu/vectors.o
                0x0000000008000040                vector_cpu
 *(.text .text.* .gnu.linkonce.t.*)
 .text.dummy_handler
                0x00000000080000bc        0x8 /home/ek-181/button/bin/stm32f0discovery/cpu/vectors.o
                0x00000000080000bc                isr_pvd
                0x00000000080000bc                isr_i2c1
                0x00000000080000bc                isr_tim16
                0x00000000080000bc                isr_tsc
                0x00000000080000bc                isr_cec_can
                0x00000000080000bc                isr_tim7
                0x00000000080000bc                isr_dma1_channel4_5
                0x00000000080000bc                isr_tim1_brk_up_trg_com
                0x00000000080000bc                isr_dma1_channel4_5_6_7
                0x00000000080000bc                isr_i2c2
                0x00000000080000bc                isr_dma1_channel2_3
                0x00000000080000bc                isr_spi2
                0x00000000080000bc                isr_dma1_channel1
                0x00000000080000bc                dummy_handler
                0x00000000080000bc                isr_dma1_ch1
                0x00000000080000bc                isr_spi1
                0x00000000080000bc                isr_tim6
                0x00000000080000bc                isr_rcc
                0x00000000080000bc                isr_flash
                0x00000000080000bc                isr_rtc
                0x00000000080000bc                isr_tim1_cc
                0x00000000080000bc                isr_tim14
                0x00000000080000bc                isr_usb
                0x00000000080000bc                isr_adc1_comp
                0x00000000080000bc                isr_usart3_4
                0x00000000080000bc                isr_tim17
                0x00000000080000bc                isr_adc1
                0x00000000080000bc                isr_tim6_dac
                0x00000000080000bc                isr_dma1_ch4_7_dma2_ch3_5
                0x00000000080000bc                isr_pvd_vddio2
                0x00000000080000bc                isr_tim3
                0x00000000080000bc                isr_tim15
                0x00000000080000bc                isr_rcc_crs
                0x00000000080000bc                isr_usart3_8
                0x00000000080000bc                isr_dma1_ch2_3_dma2_ch1_2
                0x00000000080000bc                isr_wwdg
 .text._init    0x00000000080000c4        0x8 /home/ek-181/button/bin/stm32f0discovery/newlib_syscalls_default/syscalls.o
                0x00000000080000c4                _init
 .text._fini    0x00000000080000cc        0x2 /home/ek-181/button/bin/stm32f0discovery/newlib_syscalls_default/syscalls.o
                0x00000000080000cc                _fini
 *fill*         0x00000000080000ce        0x2 
 .text._sbrk_r  0x00000000080000d0       0x3c /home/ek-181/button/bin/stm32f0discovery/newlib_syscalls_default/syscalls.o
                0x00000000080000d0                _sbrk_r
 .text._read_r  0x000000000800010c        0xc /home/ek-181/button/bin/stm32f0discovery/newlib_syscalls_default/syscalls.o
                0x000000000800010c                _read_r
 .text._write_r
                0x0000000008000118        0xc /home/ek-181/button/bin/stm32f0discovery/newlib_syscalls_default/syscalls.o
                0x0000000008000118                _write_r
 .text._close_r
                0x0000000008000124        0xa /home/ek-181/button/bin/stm32f0discovery/newlib_syscalls_default/syscalls.o
                0x0000000008000124                _close_r
 .text._lseek_r
                0x000000000800012e        0xa /home/ek-181/button/bin/stm32f0discovery/newlib_syscalls_default/syscalls.o
                0x000000000800012e                _lseek_r
 .text._fstat_r
                0x0000000008000138        0xa /home/ek-181/button/bin/stm32f0discovery/newlib_syscalls_default/syscalls.o
                0x0000000008000138                _fstat_r
 .text._isatty_r
                0x0000000008000142        0xe /home/ek-181/button/bin/stm32f0discovery/newlib_syscalls_default/syscalls.o
                0x0000000008000142                _isatty_r
 .text.sched_run
                0x0000000008000150       0x68 /home/ek-181/button/bin/stm32f0discovery/core.a(sched.o)
                0x0000000008000150                sched_run
 .text.sched_set_status
                0x00000000080001b8       0x7c /home/ek-181/button/bin/stm32f0discovery/core.a(sched.o)
                0x00000000080001b8                sched_set_status
 .text.sched_switch
                0x0000000008000234       0x30 /home/ek-181/button/bin/stm32f0discovery/core.a(sched.o)
                0x0000000008000234                sched_switch
 .text.sched_task_exit
                0x0000000008000264       0x3c /home/ek-181/button/bin/stm32f0discovery/core.a(sched.o)
                0x0000000008000264                sched_task_exit
 .text.thread_stack_init
                0x00000000080002a0       0x90 /home/ek-181/button/bin/stm32f0discovery/cortexm_common.a(thread_arch.o)
                0x00000000080002a0                thread_stack_init
 .text.cpu_switch_context_exit
                0x0000000008000330        0x8 /home/ek-181/button/bin/stm32f0discovery/cortexm_common.a(thread_arch.o)
                0x0000000008000330                cpu_switch_context_exit
 .text.thread_yield_higher
                0x0000000008000338       0x14 /home/ek-181/button/bin/stm32f0discovery/cortexm_common.a(thread_arch.o)
                0x0000000008000338                thread_yield_higher
 .text.isr_pendsv
                0x000000000800034c       0x28 /home/ek-181/button/bin/stm32f0discovery/cortexm_common.a(thread_arch.o)
                0x000000000800034c                isr_pendsv
 .text.isr_svc  0x0000000008000374       0x2c /home/ek-181/button/bin/stm32f0discovery/cortexm_common.a(thread_arch.o)
                0x0000000008000374                isr_svc
 .text.hard_fault_default
                0x00000000080003a0       0x4c /home/ek-181/button/bin/stm32f0discovery/cortexm_common.a(vectors_cortexm.o)
                0x00000000080003a0                hard_fault_default
 .text.nmi_default
                0x00000000080003ec       0x10 /home/ek-181/button/bin/stm32f0discovery/cortexm_common.a(vectors_cortexm.o)
                0x00000000080003ec                nmi_default
 .text.dummy_handler_default
                0x00000000080003fc       0x10 /home/ek-181/button/bin/stm32f0discovery/cortexm_common.a(vectors_cortexm.o)
                0x00000000080003fc                dummy_handler_default
                0x00000000080003fc                isr_systick
 .text.pre_startup
                0x000000000800040c        0x2 /home/ek-181/button/bin/stm32f0discovery/cortexm_common.a(vectors_cortexm.o)
                0x000000000800040c                pre_startup
 .text.post_startup
                0x000000000800040e        0x2 /home/ek-181/button/bin/stm32f0discovery/cortexm_common.a(vectors_cortexm.o)
                0x000000000800040e                post_startup
 .text.reset_handler_default
                0x0000000008000410       0x68 /home/ek-181/button/bin/stm32f0discovery/cortexm_common.a(vectors_cortexm.o)
                0x0000000008000410                reset_handler_default
 .text.hard_fault_handler
                0x0000000008000478      0x118 /home/ek-181/button/bin/stm32f0discovery/cortexm_common.a(vectors_cortexm.o)
                0x0000000008000478                hard_fault_handler
 .text.irq_disable
                0x0000000008000590        0x8 /home/ek-181/button/bin/stm32f0discovery/cortexm_common.a(irq_arch.o)
                0x0000000008000590                irq_disable
 .text.irq_enable
                0x0000000008000598        0x8 /home/ek-181/button/bin/stm32f0discovery/cortexm_common.a(irq_arch.o)
                0x0000000008000598                irq_enable
 .text.irq_restore
                0x00000000080005a0        0x6 /home/ek-181/button/bin/stm32f0discovery/cortexm_common.a(irq_arch.o)
                0x00000000080005a0                irq_restore
 .text.irq_is_in
                0x00000000080005a6        0x8 /home/ek-181/button/bin/stm32f0discovery/cortexm_common.a(irq_arch.o)
                0x00000000080005a6                irq_is_in
 *fill*         0x00000000080005ae        0x2 
 .text.stdio_init
                0x00000000080005b0       0x1c /home/ek-181/button/bin/stm32f0discovery/stdio_uart.a(stdio_uart.o)
                0x00000000080005b0                stdio_init
 .text.stdio_read
                0x00000000080005cc       0x14 /home/ek-181/button/bin/stm32f0discovery/stdio_uart.a(stdio_uart.o)
                0x00000000080005cc                stdio_read
 .text.stdio_write
                0x00000000080005e0       0x12 /home/ek-181/button/bin/stm32f0discovery/stdio_uart.a(stdio_uart.o)
                0x00000000080005e0                stdio_write
 *fill*         0x00000000080005f2        0x2 
 .text.irq_handler
                0x00000000080005f4       0x48 /home/ek-181/button/bin/stm32f0discovery/stm32_common_periph.a(uart.o)
 .text.uart_write
                0x000000000800063c       0x40 /home/ek-181/button/bin/stm32f0discovery/stm32_common_periph.a(uart.o)
                0x000000000800063c                uart_write
 .text.uart_poweron
                0x000000000800067c       0x28 /home/ek-181/button/bin/stm32f0discovery/stm32_common_periph.a(uart.o)
                0x000000000800067c                uart_poweron
 .text.uart_init
                0x00000000080006a4       0xb8 /home/ek-181/button/bin/stm32f0discovery/stm32_common_periph.a(uart.o)
                0x00000000080006a4                uart_init
 .text.isr_usart1
                0x000000000800075c        0xa /home/ek-181/button/bin/stm32f0discovery/stm32_common_periph.a(uart.o)
                0x000000000800075c                isr_usart1
 .text.isr_usart2
                0x0000000008000766        0xa /home/ek-181/button/bin/stm32f0discovery/stm32_common_periph.a(uart.o)
                0x0000000008000766                isr_usart2
 .text.gpio_init
                0x0000000008000770       0x74 /home/ek-181/button/bin/stm32f0discovery/stm32_common_periph.a(gpio.o)
                0x0000000008000770                gpio_init
 .text.gpio_init_af
                0x00000000080007e4       0x42 /home/ek-181/button/bin/stm32f0discovery/stm32_common_periph.a(gpio.o)
                0x00000000080007e4                gpio_init_af
 .text.gpio_read
                0x0000000008000826       0x14 /home/ek-181/button/bin/stm32f0discovery/stm32_common_periph.a(gpio.o)
                0x0000000008000826                gpio_read
 .text.gpio_set
                0x000000000800083a       0x10 /home/ek-181/button/bin/stm32f0discovery/stm32_common_periph.a(gpio.o)
                0x000000000800083a                gpio_set
 .text.gpio_clear
                0x000000000800084a       0x12 /home/ek-181/button/bin/stm32f0discovery/stm32_common_periph.a(gpio.o)
                0x000000000800084a                gpio_clear
 .text.gpio_toggle
                0x000000000800085c       0x1c /home/ek-181/button/bin/stm32f0discovery/stm32_common_periph.a(gpio.o)
                0x000000000800085c                gpio_toggle
 .text.gpio_init_int
                0x0000000008000878       0xb0 /home/ek-181/button/bin/stm32f0discovery/stm32_common_periph.a(gpio.o)
                0x0000000008000878                gpio_init_int
 .text.isr_exti
                0x0000000008000928       0x44 /home/ek-181/button/bin/stm32f0discovery/stm32_common_periph.a(gpio.o)
                0x0000000008000928                isr_exti
 .text._xtimer_lltimer_now
                0x000000000800096c        0xa /home/ek-181/button/bin/stm32f0discovery/xtimer.a(xtimer_core.o)
 *fill*         0x0000000008000976        0x2 
 .text._lltimer_set
                0x0000000008000978       0x18 /home/ek-181/button/bin/stm32f0discovery/xtimer.a(xtimer_core.o)
 .text._next_period
                0x0000000008000990       0x9c /home/ek-181/button/bin/stm32f0discovery/xtimer.a(xtimer_core.o)
 .text._periph_timer_callback
                0x0000000008000a2c       0xbc /home/ek-181/button/bin/stm32f0discovery/xtimer.a(xtimer_core.o)
 .text.xtimer_init
                0x0000000008000ae8       0x20 /home/ek-181/button/bin/stm32f0discovery/xtimer.a(xtimer_core.o)
                0x0000000008000ae8                xtimer_init
 .text.pm_off   0x0000000008000b08        0x8 /home/ek-181/button/bin/stm32f0discovery/periph_common.a(pm.o)
                0x0000000008000b08                pm_off
 .text.board_init
                0x0000000008000b10       0x20 /home/ek-181/button/bin/stm32f0discovery/board.a(board.o)
                0x0000000008000b10                board_init
 .text.panic_arch
                0x0000000008000b30        0x2 /home/ek-181/button/bin/stm32f0discovery/core.a(panic.o)
                0x0000000008000b30                panic_arch
 *fill*         0x0000000008000b32        0x2 
 .text.core_panic
                0x0000000008000b34       0x48 /home/ek-181/button/bin/stm32f0discovery/core.a(panic.o)
                0x0000000008000b34                core_panic
 .text.main_trampoline
                0x0000000008000b7c       0x18 /home/ek-181/button/bin/stm32f0discovery/core.a(kernel_init.o)
 .text.idle_thread
                0x0000000008000b94        0x8 /home/ek-181/button/bin/stm32f0discovery/core.a(kernel_init.o)
 .text.kernel_init
                0x0000000008000b9c       0x58 /home/ek-181/button/bin/stm32f0discovery/core.a(kernel_init.o)
                0x0000000008000b9c                kernel_init
 .text.thread_add_to_list
                0x0000000008000bf4       0x34 /home/ek-181/button/bin/stm32f0discovery/core.a(thread.o)
                0x0000000008000bf4                thread_add_to_list
 .text.thread_create
                0x0000000008000c28       0xe8 /home/ek-181/button/bin/stm32f0discovery/core.a(thread.o)
                0x0000000008000c28                thread_create
 .text.pm_set_lowest
                0x0000000008000d10       0x20 /home/ek-181/button/bin/stm32f0discovery/cortexm_common_periph.a(pm.o)
                0x0000000008000d10                pm_set_lowest
 .text.isrpipe_write_one
                0x0000000008000d30       0x16 /home/ek-181/button/bin/stm32f0discovery/isrpipe.a(isrpipe.o)
                0x0000000008000d30                isrpipe_write_one
 .text.isrpipe_read
                0x0000000008000d46       0x24 /home/ek-181/button/bin/stm32f0discovery/isrpipe.a(isrpipe.o)
                0x0000000008000d46                isrpipe_read
 .text.cpu_init
                0x0000000008000d6a       0x1a /home/ek-181/button/bin/stm32f0discovery/stm32_common.a(cpu_init.o)
                0x0000000008000d6a                cpu_init
 .text.periph_apb_clk
                0x0000000008000d84        0x8 /home/ek-181/button/bin/stm32f0discovery/stm32_common.a(cpu_common.o)
                0x0000000008000d84                periph_apb_clk
 .text.periph_timer_clk
                0x0000000008000d8c       0x14 /home/ek-181/button/bin/stm32f0discovery/stm32_common.a(cpu_common.o)
                0x0000000008000d8c                periph_timer_clk
 .text.periph_clk_en
                0x0000000008000da0       0x34 /home/ek-181/button/bin/stm32f0discovery/stm32_common.a(cpu_common.o)
                0x0000000008000da0                periph_clk_en
 .text.stmclk_init_sysclk
                0x0000000008000dd4       0x8c /home/ek-181/button/bin/stm32f0discovery/stm32_common.a(stmclk.o)
                0x0000000008000dd4                stmclk_init_sysclk
 .text.stmclk_enable_hsi
                0x0000000008000e60       0x18 /home/ek-181/button/bin/stm32f0discovery/stm32_common.a(stmclk_common.o)
                0x0000000008000e60                stmclk_enable_hsi
 .text.stmclk_disable_hsi
                0x0000000008000e78       0x18 /home/ek-181/button/bin/stm32f0discovery/stm32_common.a(stmclk_common.o)
                0x0000000008000e78                stmclk_disable_hsi
 .text.timer_set_absolute
                0x0000000008000e90       0x3c /home/ek-181/button/bin/stm32f0discovery/stm32_common_periph.a(timer.o)
                0x0000000008000e90                timer_set_absolute
 .text.timer_read
                0x0000000008000ecc       0x10 /home/ek-181/button/bin/stm32f0discovery/stm32_common_periph.a(timer.o)
                0x0000000008000ecc                timer_read
 .text.timer_start
                0x0000000008000edc       0x14 /home/ek-181/button/bin/stm32f0discovery/stm32_common_periph.a(timer.o)
                0x0000000008000edc                timer_start
 .text.timer_init
                0x0000000008000ef0       0x58 /home/ek-181/button/bin/stm32f0discovery/stm32_common_periph.a(timer.o)
                0x0000000008000ef0                timer_init
 .text.isr_tim2
                0x0000000008000f48       0x44 /home/ek-181/button/bin/stm32f0discovery/stm32_common_periph.a(timer.o)
                0x0000000008000f48                isr_tim2
 .text._pop     0x0000000008000f8c       0x12 /home/ek-181/button/bin/stm32f0discovery/tsrb.a(tsrb.o)
 .text.tsrb_get
                0x0000000008000f9e       0x28 /home/ek-181/button/bin/stm32f0discovery/tsrb.a(tsrb.o)
                0x0000000008000f9e                tsrb_get
 .text.tsrb_add_one
                0x0000000008000fc6       0x26 /home/ek-181/button/bin/stm32f0discovery/tsrb.a(tsrb.o)
                0x0000000008000fc6                tsrb_add_one
 .text.periph_init
                0x0000000008000fec        0x2 /home/ek-181/button/bin/stm32f0discovery/periph_common.a(init.o)
                0x0000000008000fec                periph_init
 *fill*         0x0000000008000fee        0x2 
 .text.btn_handler
                0x0000000008000ff0       0x10 /home/ek-181/button/bin/stm32f0discovery/application_button.a(main.o)
                0x0000000008000ff0                btn_handler
 .text.dumb_delay
                0x0000000008001000        0xe /home/ek-181/button/bin/stm32f0discovery/application_button.a(main.o)
                0x0000000008001000                dumb_delay
 *fill*         0x000000000800100e        0x2 
 .text.startup.main
                0x0000000008001010       0x78 /home/ek-181/button/bin/stm32f0discovery/application_button.a(main.o)
                0x0000000008001010                main
 .text.auto_init
                0x0000000008001088        0x8 /home/ek-181/button/bin/stm32f0discovery/auto_init.a(auto_init.o)
                0x0000000008001088                auto_init
 .text._mutex_lock
                0x0000000008001090       0x60 /home/ek-181/button/bin/stm32f0discovery/core.a(mutex.o)
                0x0000000008001090                _mutex_lock
 .text.mutex_unlock
                0x00000000080010f0       0x4a /home/ek-181/button/bin/stm32f0discovery/core.a(mutex.o)
                0x00000000080010f0                mutex_unlock
 *fill*         0x000000000800113a        0x2 
 .text.cortexm_init
                0x000000000800113c       0x70 /home/ek-181/button/bin/stm32f0discovery/cortexm_common.a(cortexm_init.o)
                0x000000000800113c                cortexm_init
 .text          0x00000000080011ac      0x114 /usr/bin/../lib/gcc/arm-none-eabi/7.3.1/thumb/v6-m/libgcc.a(_udivsi3.o)
                0x00000000080011ac                __udivsi3
                0x00000000080011ac                __aeabi_uidiv
                0x00000000080012b8                __aeabi_uidivmod
 .text          0x00000000080012c0        0x4 /usr/bin/../lib/gcc/arm-none-eabi/7.3.1/thumb/v6-m/libgcc.a(_dvmd_tls.o)
                0x00000000080012c0                __aeabi_ldiv0
                0x00000000080012c0                __aeabi_idiv0
 .text.__libc_init_array
                0x00000000080012c4       0x48 /usr/bin/../lib/gcc/arm-none-eabi/7.3.1/../../../../arm-none-eabi/lib/thumb/v6-m/libc_nano.a(lib_a-init.o)
                0x00000000080012c4                __libc_init_array
 .text.memset   0x000000000800130c       0x10 /usr/bin/../lib/gcc/arm-none-eabi/7.3.1/../../../../arm-none-eabi/lib/thumb/v6-m/libc_nano.a(lib_a-memset.o)
                0x000000000800130c                memset
 .text.printf   0x000000000800131c       0x34 /usr/bin/../lib/gcc/arm-none-eabi/7.3.1/../../../../arm-none-eabi/lib/thumb/v6-m/libc_nano.a(lib_a-printf.o)
                0x000000000800131c                printf
                0x000000000800131c                iprintf
 .text._puts_r  0x0000000008001350       0xc0 /usr/bin/../lib/gcc/arm-none-eabi/7.3.1/../../../../arm-none-eabi/lib/thumb/v6-m/libc_nano.a(lib_a-puts.o)
                0x0000000008001350                _puts_r
 .text.puts     0x0000000008001410       0x14 /usr/bin/../lib/gcc/arm-none-eabi/7.3.1/../../../../arm-none-eabi/lib/thumb/v6-m/libc_nano.a(lib_a-puts.o)
                0x0000000008001410                puts
 .text.__swbuf_r
                0x0000000008001424       0xac /usr/bin/../lib/gcc/arm-none-eabi/7.3.1/../../../../arm-none-eabi/lib/thumb/v6-m/libc_nano.a(lib_a-wbuf.o)
                0x0000000008001424                __swbuf_r
 .text.__swsetup_r
                0x00000000080014d0       0xec /usr/bin/../lib/gcc/arm-none-eabi/7.3.1/../../../../arm-none-eabi/lib/thumb/v6-m/libc_nano.a(lib_a-wsetup.o)
                0x00000000080014d0                __swsetup_r
 .text.__sflush_r
                0x00000000080015bc      0x114 /usr/bin/../lib/gcc/arm-none-eabi/7.3.1/../../../../arm-none-eabi/lib/thumb/v6-m/libc_nano.a(lib_a-fflush.o)
                0x00000000080015bc                __sflush_r
 .text._fflush_r
                0x00000000080016d0       0x58 /usr/bin/../lib/gcc/arm-none-eabi/7.3.1/../../../../arm-none-eabi/lib/thumb/v6-m/libc_nano.a(lib_a-fflush.o)
                0x00000000080016d0                _fflush_r
 .text.std      0x0000000008001728       0x48 /usr/bin/../lib/gcc/arm-none-eabi/7.3.1/../../../../arm-none-eabi/lib/thumb/v6-m/libc_nano.a(lib_a-findfp.o)
 .text._cleanup_r
                0x0000000008001770       0x10 /usr/bin/../lib/gcc/arm-none-eabi/7.3.1/../../../../arm-none-eabi/lib/thumb/v6-m/libc_nano.a(lib_a-findfp.o)
                0x0000000008001770                _cleanup_r
 .text.__sfmoreglue
                0x0000000008001780       0x2c /usr/bin/../lib/gcc/arm-none-eabi/7.3.1/../../../../arm-none-eabi/lib/thumb/v6-m/libc_nano.a(lib_a-findfp.o)
                0x0000000008001780                __sfmoreglue
 .text.__sinit  0x00000000080017ac       0x68 /usr/bin/../lib/gcc/arm-none-eabi/7.3.1/../../../../arm-none-eabi/lib/thumb/v6-m/libc_nano.a(lib_a-findfp.o)
                0x00000000080017ac                __sinit
 .text.__sfp    0x0000000008001814       0x7c /usr/bin/../lib/gcc/arm-none-eabi/7.3.1/../../../../arm-none-eabi/lib/thumb/v6-m/libc_nano.a(lib_a-findfp.o)
                0x0000000008001814                __sfp
 .text._fwalk_reent
                0x0000000008001890       0x42 /usr/bin/../lib/gcc/arm-none-eabi/7.3.1/../../../../arm-none-eabi/lib/thumb/v6-m/libc_nano.a(lib_a-fwalk.o)
                0x0000000008001890                _fwalk_reent
 *fill*         0x00000000080018d2        0x2 
 .text.__swhatbuf_r
                0x00000000080018d4       0x50 /usr/bin/../lib/gcc/arm-none-eabi/7.3.1/../../../../arm-none-eabi/lib/thumb/v6-m/libc_nano.a(lib_a-makebuf.o)
                0x00000000080018d4                __swhatbuf_r
 .text.__smakebuf_r
                0x0000000008001924       0x88 /usr/bin/../lib/gcc/arm-none-eabi/7.3.1/../../../../arm-none-eabi/lib/thumb/v6-m/libc_nano.a(lib_a-makebuf.o)
                0x0000000008001924                __smakebuf_r
 .text._free_r  0x00000000080019ac       0x94 /usr/bin/../lib/gcc/arm-none-eabi/7.3.1/../../../../arm-none-eabi/lib/thumb/v6-m/libc_nano.a(lib_a-nano-freer.o)
                0x00000000080019ac                _free_r
 .text._malloc_r
                0x0000000008001a40       0xbc /usr/bin/../lib/gcc/arm-none-eabi/7.3.1/../../../../arm-none-eabi/lib/thumb/v6-m/libc_nano.a(lib_a-nano-mallocr.o)
                0x0000000008001a40                _malloc_r
 .text.__sfputc_r
                0x0000000008001afc       0x2a /usr/bin/../lib/gcc/arm-none-eabi/7.3.1/../../../../arm-none-eabi/lib/thumb/v6-m/libc_nano.a(lib_a-nano-vfprintf.o)
 .text.__sfputs_r
                0x0000000008001b26       0x24 /usr/bin/../lib/gcc/arm-none-eabi/7.3.1/../../../../arm-none-eabi/lib/thumb/v6-m/libc_nano.a(lib_a-nano-vfprintf.o)
                0x0000000008001b26                __sfputs_r
 *fill*         0x0000000008001b4a        0x2 
 .text._vfprintf_r
                0x0000000008001b4c      0x22c /usr/bin/../lib/gcc/arm-none-eabi/7.3.1/../../../../arm-none-eabi/lib/thumb/v6-m/libc_nano.a(lib_a-nano-vfprintf.o)
                0x0000000008001b4c                _vfiprintf_r
                0x0000000008001b4c                _vfprintf_r
 .text._printf_common
                0x0000000008001d78       0xda /usr/bin/../lib/gcc/arm-none-eabi/7.3.1/../../../../arm-none-eabi/lib/thumb/v6-m/libc_nano.a(lib_a-nano-vfprintf_i.o)
                0x0000000008001d78                _printf_common
 *fill*         0x0000000008001e52        0x2 
 .text._printf_i
                0x0000000008001e54      0x210 /usr/bin/../lib/gcc/arm-none-eabi/7.3.1/../../../../arm-none-eabi/lib/thumb/v6-m/libc_nano.a(lib_a-nano-vfprintf_i.o)
                0x0000000008001e54                _printf_i
 .text.__sread  0x0000000008002064       0x28 /usr/bin/../lib/gcc/arm-none-eabi/7.3.1/../../../../arm-none-eabi/lib/thumb/v6-m/libc_nano.a(lib_a-stdio.o)
                0x0000000008002064                __sread
 .text.__swrite
                0x000000000800208c       0x38 /usr/bin/../lib/gcc/arm-none-eabi/7.3.1/../../../../arm-none-eabi/lib/thumb/v6-m/libc_nano.a(lib_a-stdio.o)
                0x000000000800208c                __swrite
 .text.__sseek  0x00000000080020c4       0x2c /usr/bin/../lib/gcc/arm-none-eabi/7.3.1/../../../../arm-none-eabi/lib/thumb/v6-m/libc_nano.a(lib_a-stdio.o)
                0x00000000080020c4                __sseek
 .text.__sclose
                0x00000000080020f0        0xc /usr/bin/../lib/gcc/arm-none-eabi/7.3.1/../../../../arm-none-eabi/lib/thumb/v6-m/libc_nano.a(lib_a-stdio.o)
                0x00000000080020f0                __sclose
 .text.memchr   0x00000000080020fc       0x16 /usr/bin/../lib/gcc/arm-none-eabi/7.3.1/../../../../arm-none-eabi/lib/thumb/v6-m/libc_nano.a(lib_a-memchr-stub.o)
                0x00000000080020fc                memchr
 .text.__malloc_lock
                0x0000000008002112        0x2 /usr/bin/../lib/gcc/arm-none-eabi/7.3.1/../../../../arm-none-eabi/lib/thumb/v6-m/libc_nano.a(lib_a-mlock.o)
                0x0000000008002112                __malloc_lock
 .text.__malloc_unlock
                0x0000000008002114        0x2 /usr/bin/../lib/gcc/arm-none-eabi/7.3.1/../../../../arm-none-eabi/lib/thumb/v6-m/libc_nano.a(lib_a-mlock.o)
                0x0000000008002114                __malloc_unlock
 *(.glue_7t)
 .glue_7t       0x0000000008002116        0x0 linker stubs
 *(.glue_7)
 .glue_7        0x0000000008002116        0x0 linker stubs
 *(.rodata .rodata* .gnu.linkonce.r.*)
 .rodata.MultiplyDeBruijnBitPosition
                0x0000000008002116       0x20 /home/ek-181/button/bin/stm32f0discovery/core.a(bitarithm.o)
                0x0000000008002116                MultiplyDeBruijnBitPosition
 .rodata.dummy_handler_default.str1.1
                0x0000000008002136        0xe /home/ek-181/button/bin/stm32f0discovery/cortexm_common.a(vectors_cortexm.o)
 .rodata.hard_fault_handler.str1.1
                0x0000000008002144      0x18b /home/ek-181/button/bin/stm32f0discovery/cortexm_common.a(vectors_cortexm.o)
 .rodata.nmi_default.str1.1
                0x00000000080022cf        0xc /home/ek-181/button/bin/stm32f0discovery/cortexm_common.a(vectors_cortexm.o)
 *fill*         0x00000000080022db        0x1 
 .rodata.uart_config
                0x00000000080022dc       0x28 /home/ek-181/button/bin/stm32f0discovery/stm32_common_periph.a(uart.o)
 .rodata.assert_crash_message
                0x0000000008002304       0x12 /home/ek-181/button/bin/stm32f0discovery/core.a(panic.o)
                0x0000000008002304                assert_crash_message
 .rodata.core_panic.str1.1
                0x0000000008002316       0x2e /home/ek-181/button/bin/stm32f0discovery/core.a(panic.o)
 .rodata.main_trampoline.str1.1
                0x0000000008002344       0x2c /home/ek-181/button/bin/stm32f0discovery/core.a(kernel_init.o)
 .rodata.str1.1
                0x0000000008002370        0xa /home/ek-181/button/bin/stm32f0discovery/core.a(kernel_init.o)
 .rodata.apbmul
                0x000000000800237a        0x2 /home/ek-181/button/bin/stm32f0discovery/stm32_common.a(cpu_common.o)
 .rodata.timer_config
                0x000000000800237c       0x10 /home/ek-181/button/bin/stm32f0discovery/stm32_common_periph.a(timer.o)
 .rodata._global_impure_ptr
                0x000000000800238c        0x4 /usr/bin/../lib/gcc/arm-none-eabi/7.3.1/../../../../arm-none-eabi/lib/thumb/v6-m/libc_nano.a(lib_a-impure.o)
                0x000000000800238c                _global_impure_ptr
 .rodata.__sf_fake_stderr
                0x0000000008002390       0x20 /usr/bin/../lib/gcc/arm-none-eabi/7.3.1/../../../../arm-none-eabi/lib/thumb/v6-m/libc_nano.a(lib_a-findfp.o)
                0x0000000008002390                __sf_fake_stderr
 .rodata.__sf_fake_stdin
                0x00000000080023b0       0x20 /usr/bin/../lib/gcc/arm-none-eabi/7.3.1/../../../../arm-none-eabi/lib/thumb/v6-m/libc_nano.a(lib_a-findfp.o)
                0x00000000080023b0                __sf_fake_stdin
 .rodata.__sf_fake_stdout
                0x00000000080023d0       0x20 /usr/bin/../lib/gcc/arm-none-eabi/7.3.1/../../../../arm-none-eabi/lib/thumb/v6-m/libc_nano.a(lib_a-findfp.o)
                0x00000000080023d0                __sf_fake_stdout
 .rodata._vfprintf_r.str1.1
                0x00000000080023f0       0x11 /usr/bin/../lib/gcc/arm-none-eabi/7.3.1/../../../../arm-none-eabi/lib/thumb/v6-m/libc_nano.a(lib_a-nano-vfprintf.o)
 .rodata._printf_i.str1.1
                0x0000000008002401       0x22 /usr/bin/../lib/gcc/arm-none-eabi/7.3.1/../../../../arm-none-eabi/lib/thumb/v6-m/libc_nano.a(lib_a-nano-vfprintf_i.o)
 *(.ARM.extab* .gnu.linkonce.armextab.*)
                0x0000000008002424                . = ALIGN (0x4)
 *fill*         0x0000000008002423        0x1 
 *(.init)
                0x0000000008002424                . = ALIGN (0x4)
                0x0000000008002424                __preinit_array_start = .
 *(.preinit_array)
                0x0000000008002424                __preinit_array_end = .
                0x0000000008002424                . = ALIGN (0x4)
                0x0000000008002424                __init_array_start = .
 *(SORT_BY_NAME(.init_array.*))
 *(.init_array)
                0x0000000008002424                __init_array_end = .
                0x0000000008002424                . = ALIGN (0x4)
 *crtbegin.o(.ctors)
 *(EXCLUDE_FILE(*crtend.o) .ctors)
 *(SORT_BY_NAME(.ctors.*))
 *crtend.o(.ctors)
                0x0000000008002424                . = ALIGN (0x4)
 *(.fini)
                0x0000000008002424                . = ALIGN (0x4)
                0x0000000008002424                __fini_array_start = .
 *(.fini_array)
 *(SORT_BY_NAME(.fini_array.*))
                0x0000000008002424                __fini_array_end = .
 *crtbegin.o(.dtors)
 *(EXCLUDE_FILE(*crtend.o) .dtors)
 *(SORT_BY_NAME(.dtors.*))
 *crtend.o(.dtors)
                0x0000000008002424                . = ALIGN (0x4)
                0x0000000008002424                _efixed = .
                [!provide]                        PROVIDE (__exidx_start = .)

.vfp11_veneer   0x0000000008002424        0x0
 .vfp11_veneer  0x0000000008002424        0x0 linker stubs

.v4_bx          0x0000000008002424        0x0
 .v4_bx         0x0000000008002424        0x0 linker stubs

.iplt           0x0000000008002424        0x0
 .iplt          0x0000000008002424        0x0 /home/ek-181/button/bin/stm32f0discovery/cpu/vectors.o

.igot.plt       0x0000000008002424        0x0
 .igot.plt      0x0000000008002424        0x0 /home/ek-181/button/bin/stm32f0discovery/cpu/vectors.o

.rel.dyn        0x0000000008002424        0x0
 .rel.iplt      0x0000000008002424        0x0 /home/ek-181/button/bin/stm32f0discovery/cpu/vectors.o

.ARM.exidx
 *(.ARM.exidx* .gnu.linkonce.armexidx.*)
                [!provide]                        PROVIDE (__exidx_end = .)
                0x0000000008002424                . = ALIGN (0x4)

.eh_frame
 *(.eh_frame)
                0x0000000008002424                . = ALIGN (0x4)
                0x0000000008002424                _etext = .

.stack          0x0000000020000000      0x200
 *(.puf)
                0x0000000020000000                . = ALIGN (0x8)
                0x0000000020000000                _sstack = .
 *(.isr_stack)
 .isr_stack     0x0000000020000000      0x200 /home/ek-181/button/bin/stm32f0discovery/cortexm_common.a(vectors_cortexm.o)
                0x0000000020000000                isr_stack
                0x0000000020000200                . = ALIGN (0x8)
                0x0000000020000200                _estack = .

.relocate       0x0000000020000200       0x88 load address 0x0000000008002424
                0x0000000020000200                . = ALIGN (0x4)
                0x0000000020000200                _srelocate = .
 *(.ramfunc .ramfunc.*)
 *(.data .data.*)
 .data.heap_top
                0x0000000020000200        0x4 /home/ek-181/button/bin/stm32f0discovery/newlib_syscalls_default/syscalls.o
                0x0000000020000200                heap_top
 .data.stdio_uart_isrpipe
                0x0000000020000204       0x14 /home/ek-181/button/bin/stm32f0discovery/stdio_uart.a(stdio_uart.o)
                0x0000000020000204                stdio_uart_isrpipe
 .data.idle_name
                0x0000000020000218        0x4 /home/ek-181/button/bin/stm32f0discovery/core.a(kernel_init.o)
                0x0000000020000218                idle_name
 .data.main_name
                0x000000002000021c        0x4 /home/ek-181/button/bin/stm32f0discovery/core.a(kernel_init.o)
                0x000000002000021c                main_name
 .data._impure_ptr
                0x0000000020000220        0x4 /usr/bin/../lib/gcc/arm-none-eabi/7.3.1/../../../../arm-none-eabi/lib/thumb/v6-m/libc_nano.a(lib_a-impure.o)
                0x0000000020000220                _impure_ptr
 .data.impure_data
                0x0000000020000224       0x60 /usr/bin/../lib/gcc/arm-none-eabi/7.3.1/../../../../arm-none-eabi/lib/thumb/v6-m/libc_nano.a(lib_a-impure.o)
 *(.openocd .openocd.*)
 .openocd       0x0000000020000284        0x2 /home/ek-181/button/bin/stm32f0discovery/core.a(sched.o)
                0x0000000020000284                _tcb_name_offset
                0x0000000020000285                max_threads
                0x0000000020000288                . = ALIGN (0x4)
 *fill*         0x0000000020000286        0x2 
                0x0000000020000288                _erelocate = .

.bss            0x0000000020000288      0x8d0 load address 0x00000000080024ac
                0x0000000020000288                . = ALIGN (0x4)
                0x0000000020000288                _sbss = .
                0x0000000020000288                _szero = .
 *(.bss .bss.*)
 .bss.runqueue_bitcache
                0x0000000020000288        0x4 /home/ek-181/button/bin/stm32f0discovery/core.a(sched.o)
 .bss.sched_active_pid
                0x000000002000028c        0x2 /home/ek-181/button/bin/stm32f0discovery/core.a(sched.o)
                0x000000002000028c                sched_active_pid
 *fill*         0x000000002000028e        0x2 
 .bss.sched_active_thread
                0x0000000020000290        0x4 /home/ek-181/button/bin/stm32f0discovery/core.a(sched.o)
                0x0000000020000290                sched_active_thread
 .bss.sched_context_switch_request
                0x0000000020000294        0x4 /home/ek-181/button/bin/stm32f0discovery/core.a(sched.o)
                0x0000000020000294                sched_context_switch_request
 .bss.sched_num_threads
                0x0000000020000298        0x4 /home/ek-181/button/bin/stm32f0discovery/core.a(sched.o)
                0x0000000020000298                sched_num_threads
 .bss.sched_runqueues
                0x000000002000029c       0x40 /home/ek-181/button/bin/stm32f0discovery/core.a(sched.o)
                0x000000002000029c                sched_runqueues
 .bss.sched_threads
                0x00000000200002dc       0x84 /home/ek-181/button/bin/stm32f0discovery/core.a(sched.o)
                0x00000000200002dc                sched_threads
 .bss._rx_buf_mem
                0x0000000020000360       0x40 /home/ek-181/button/bin/stm32f0discovery/stdio_uart.a(stdio_uart.o)
 .bss.isr_ctx   0x00000000200003a0       0x10 /home/ek-181/button/bin/stm32f0discovery/stm32_common_periph.a(uart.o)
 .bss.isr_ctx   0x00000000200003b0       0x80 /home/ek-181/button/bin/stm32f0discovery/stm32_common_periph.a(gpio.o)
 .bss._in_handler
                0x0000000020000430        0x4 /home/ek-181/button/bin/stm32f0discovery/xtimer.a(xtimer_core.o)
 .bss._long_cnt
                0x0000000020000434        0x4 /home/ek-181/button/bin/stm32f0discovery/xtimer.a(xtimer_core.o)
 .bss.long_list_head
                0x0000000020000438        0x4 /home/ek-181/button/bin/stm32f0discovery/xtimer.a(xtimer_core.o)
 .bss.overflow_list_head
                0x000000002000043c        0x4 /home/ek-181/button/bin/stm32f0discovery/xtimer.a(xtimer_core.o)
 .bss.timer_list_head
                0x0000000020000440        0x4 /home/ek-181/button/bin/stm32f0discovery/xtimer.a(xtimer_core.o)
 .bss.crashed   0x0000000020000444        0x4 /home/ek-181/button/bin/stm32f0discovery/core.a(panic.o)
 .bss.idle_stack
                0x0000000020000448      0x100 /home/ek-181/button/bin/stm32f0discovery/core.a(kernel_init.o)
 .bss.main_stack
                0x0000000020000548      0x600 /home/ek-181/button/bin/stm32f0discovery/core.a(kernel_init.o)
 .bss.isr_ctx   0x0000000020000b48        0x8 /home/ek-181/button/bin/stm32f0discovery/stm32_common_periph.a(timer.o)
 .bss.__malloc_free_list
                0x0000000020000b50        0x4 /usr/bin/../lib/gcc/arm-none-eabi/7.3.1/../../../../arm-none-eabi/lib/thumb/v6-m/libc_nano.a(lib_a-nano-mallocr.o)
                0x0000000020000b50                __malloc_free_list
 .bss.__malloc_sbrk_start
                0x0000000020000b54        0x4 /usr/bin/../lib/gcc/arm-none-eabi/7.3.1/../../../../arm-none-eabi/lib/thumb/v6-m/libc_nano.a(lib_a-nano-mallocr.o)
                0x0000000020000b54                __malloc_sbrk_start
 *(COMMON)
                0x0000000020000b58                . = ALIGN (0x4)
                0x0000000020000b58                _ebss = .
                0x0000000020000b58                _ezero = .
                0x0000000020000b58                . = ALIGN (0x4)
                0x0000000020000b58                _sheap = .
                0x0000000020002000                _eheap = (ORIGIN (ram) + LENGTH (ram))
                0x0000000020000000                _sram = ORIGIN (ram)
                0x0000000020002000                _eram = (ORIGIN (ram) + LENGTH (ram))
OUTPUT(/home/ek-181/button/bin/stm32f0discovery/button.elf elf32-littlearm)

.debug_info     0x0000000000000000    0x1c487
 .debug_info    0x0000000000000000       0xd7 /home/ek-181/button/bin/stm32f0discovery/cpu/vectors.o
 .debug_info    0x00000000000000d7     0x1a69 /home/ek-181/button/bin/stm32f0discovery/newlib_syscalls_default/syscalls.o
 .debug_info    0x0000000000001b40      0xddd /home/ek-181/button/bin/stm32f0discovery/core.a(sched.o)
 .debug_info    0x000000000000291d      0x936 /home/ek-181/button/bin/stm32f0discovery/core.a(bitarithm.o)
 .debug_info    0x0000000000003253      0xe7d /home/ek-181/button/bin/stm32f0discovery/cortexm_common.a(thread_arch.o)
 .debug_info    0x00000000000040d0      0xffb /home/ek-181/button/bin/stm32f0discovery/cortexm_common.a(vectors_cortexm.o)
 .debug_info    0x00000000000050cb      0xc61 /home/ek-181/button/bin/stm32f0discovery/cortexm_common.a(irq_arch.o)
 .debug_info    0x0000000000005d2c     0x1285 /home/ek-181/button/bin/stm32f0discovery/stdio_uart.a(stdio_uart.o)
 .debug_info    0x0000000000006fb1     0x17f4 /home/ek-181/button/bin/stm32f0discovery/stm32_common_periph.a(uart.o)
 .debug_info    0x00000000000087a5     0x1a71 /home/ek-181/button/bin/stm32f0discovery/stm32_common_periph.a(gpio.o)
 .debug_info    0x000000000000a216     0x1cf2 /home/ek-181/button/bin/stm32f0discovery/xtimer.a(xtimer_core.o)
 .debug_info    0x000000000000bf08      0xb17 /home/ek-181/button/bin/stm32f0discovery/periph_common.a(pm.o)
 .debug_info    0x000000000000ca1f     0x10fb /home/ek-181/button/bin/stm32f0discovery/board.a(board.o)
 .debug_info    0x000000000000db1a      0xc99 /home/ek-181/button/bin/stm32f0discovery/core.a(panic.o)
 .debug_info    0x000000000000e7b3      0xd1b /home/ek-181/button/bin/stm32f0discovery/core.a(kernel_init.o)
 .debug_info    0x000000000000f4ce     0x1165 /home/ek-181/button/bin/stm32f0discovery/core.a(thread.o)
 .debug_info    0x0000000000010633      0xcb8 /home/ek-181/button/bin/stm32f0discovery/cortexm_common_periph.a(pm.o)
 .debug_info    0x00000000000112eb     0x16b3 /home/ek-181/button/bin/stm32f0discovery/isrpipe.a(isrpipe.o)
 .debug_info    0x000000000001299e      0xb85 /home/ek-181/button/bin/stm32f0discovery/stm32_common.a(cpu_init.o)
 .debug_info    0x0000000000013523     0x121e /home/ek-181/button/bin/stm32f0discovery/stm32_common.a(cpu_common.o)
 .debug_info    0x0000000000014741     0x11f8 /home/ek-181/button/bin/stm32f0discovery/stm32_common.a(stmclk.o)
 .debug_info    0x0000000000015939     0x118a /home/ek-181/button/bin/stm32f0discovery/stm32_common.a(stmclk_common.o)
 .debug_info    0x0000000000016ac3     0x15c2 /home/ek-181/button/bin/stm32f0discovery/stm32_common_periph.a(timer.o)
 .debug_info    0x0000000000018085      0x39e /home/ek-181/button/bin/stm32f0discovery/tsrb.a(tsrb.o)
 .debug_info    0x0000000000018423       0x3b /home/ek-181/button/bin/stm32f0discovery/periph_common.a(init.o)
 .debug_info    0x000000000001845e     0x12d4 /home/ek-181/button/bin/stm32f0discovery/application_button.a(main.o)
 .debug_info    0x0000000000019732     0x1054 /home/ek-181/button/bin/stm32f0discovery/auto_init.a(auto_init.o)
 .debug_info    0x000000000001a786      0xe41 /home/ek-181/button/bin/stm32f0discovery/core.a(mutex.o)
 .debug_info    0x000000000001b5c7      0xec0 /home/ek-181/button/bin/stm32f0discovery/cortexm_common.a(cortexm_init.o)

.debug_abbrev   0x0000000000000000     0x493b
 .debug_abbrev  0x0000000000000000       0xaa /home/ek-181/button/bin/stm32f0discovery/cpu/vectors.o
 .debug_abbrev  0x00000000000000aa      0x431 /home/ek-181/button/bin/stm32f0discovery/newlib_syscalls_default/syscalls.o
 .debug_abbrev  0x00000000000004db      0x315 /home/ek-181/button/bin/stm32f0discovery/core.a(sched.o)
 .debug_abbrev  0x00000000000007f0      0x1bf /home/ek-181/button/bin/stm32f0discovery/core.a(bitarithm.o)
 .debug_abbrev  0x00000000000009af      0x33b /home/ek-181/button/bin/stm32f0discovery/cortexm_common.a(thread_arch.o)
 .debug_abbrev  0x0000000000000cea      0x350 /home/ek-181/button/bin/stm32f0discovery/cortexm_common.a(vectors_cortexm.o)
 .debug_abbrev  0x000000000000103a      0x24f /home/ek-181/button/bin/stm32f0discovery/cortexm_common.a(irq_arch.o)
 .debug_abbrev  0x0000000000001289      0x24c /home/ek-181/button/bin/stm32f0discovery/stdio_uart.a(stdio_uart.o)
 .debug_abbrev  0x00000000000014d5      0x3d5 /home/ek-181/button/bin/stm32f0discovery/stm32_common_periph.a(uart.o)
 .debug_abbrev  0x00000000000018aa      0x376 /home/ek-181/button/bin/stm32f0discovery/stm32_common_periph.a(gpio.o)
 .debug_abbrev  0x0000000000001c20      0x4fa /home/ek-181/button/bin/stm32f0discovery/xtimer.a(xtimer_core.o)
 .debug_abbrev  0x000000000000211a      0x1ab /home/ek-181/button/bin/stm32f0discovery/periph_common.a(pm.o)
 .debug_abbrev  0x00000000000022c5      0x1fa /home/ek-181/button/bin/stm32f0discovery/board.a(board.o)
 .debug_abbrev  0x00000000000024bf      0x270 /home/ek-181/button/bin/stm32f0discovery/core.a(panic.o)
 .debug_abbrev  0x000000000000272f      0x241 /home/ek-181/button/bin/stm32f0discovery/core.a(kernel_init.o)
 .debug_abbrev  0x0000000000002970      0x346 /home/ek-181/button/bin/stm32f0discovery/core.a(thread.o)
 .debug_abbrev  0x0000000000002cb6      0x247 /home/ek-181/button/bin/stm32f0discovery/cortexm_common_periph.a(pm.o)
 .debug_abbrev  0x0000000000002efd      0x338 /home/ek-181/button/bin/stm32f0discovery/isrpipe.a(isrpipe.o)
 .debug_abbrev  0x0000000000003235      0x1f8 /home/ek-181/button/bin/stm32f0discovery/stm32_common.a(cpu_init.o)
 .debug_abbrev  0x000000000000342d      0x28e /home/ek-181/button/bin/stm32f0discovery/stm32_common.a(cpu_common.o)
 .debug_abbrev  0x00000000000036bb      0x207 /home/ek-181/button/bin/stm32f0discovery/stm32_common.a(stmclk.o)
 .debug_abbrev  0x00000000000038c2      0x1c3 /home/ek-181/button/bin/stm32f0discovery/stm32_common.a(stmclk_common.o)
 .debug_abbrev  0x0000000000003a85      0x382 /home/ek-181/button/bin/stm32f0discovery/stm32_common_periph.a(timer.o)
 .debug_abbrev  0x0000000000003e07      0x193 /home/ek-181/button/bin/stm32f0discovery/tsrb.a(tsrb.o)
 .debug_abbrev  0x0000000000003f9a       0x2f /home/ek-181/button/bin/stm32f0discovery/periph_common.a(init.o)
 .debug_abbrev  0x0000000000003fc9      0x24a /home/ek-181/button/bin/stm32f0discovery/application_button.a(main.o)
 .debug_abbrev  0x0000000000004213      0x1e1 /home/ek-181/button/bin/stm32f0discovery/auto_init.a(auto_init.o)
 .debug_abbrev  0x00000000000043f4      0x2a3 /home/ek-181/button/bin/stm32f0discovery/core.a(mutex.o)
 .debug_abbrev  0x0000000000004697      0x2a4 /home/ek-181/button/bin/stm32f0discovery/cortexm_common.a(cortexm_init.o)

.debug_aranges  0x0000000000000000      0x708
 .debug_aranges
                0x0000000000000000       0x20 /home/ek-181/button/bin/stm32f0discovery/cpu/vectors.o
 .debug_aranges
                0x0000000000000020       0xb8 /home/ek-181/button/bin/stm32f0discovery/newlib_syscalls_default/syscalls.o
 .debug_aranges
                0x00000000000000d8       0x38 /home/ek-181/button/bin/stm32f0discovery/core.a(sched.o)
 .debug_aranges
                0x0000000000000110       0x28 /home/ek-181/button/bin/stm32f0discovery/core.a(bitarithm.o)
 .debug_aranges
                0x0000000000000138       0x60 /home/ek-181/button/bin/stm32f0discovery/cortexm_common.a(thread_arch.o)
 .debug_aranges
                0x0000000000000198       0x48 /home/ek-181/button/bin/stm32f0discovery/cortexm_common.a(vectors_cortexm.o)
 .debug_aranges
                0x00000000000001e0       0x38 /home/ek-181/button/bin/stm32f0discovery/cortexm_common.a(irq_arch.o)
 .debug_aranges
                0x0000000000000218       0x30 /home/ek-181/button/bin/stm32f0discovery/stdio_uart.a(stdio_uart.o)
 .debug_aranges
                0x0000000000000248       0x50 /home/ek-181/button/bin/stm32f0discovery/stm32_common_periph.a(uart.o)
 .debug_aranges
                0x0000000000000298       0x78 /home/ek-181/button/bin/stm32f0discovery/stm32_common_periph.a(gpio.o)
 .debug_aranges
                0x0000000000000310       0x78 /home/ek-181/button/bin/stm32f0discovery/xtimer.a(xtimer_core.o)
 .debug_aranges
                0x0000000000000388       0x20 /home/ek-181/button/bin/stm32f0discovery/periph_common.a(pm.o)
 .debug_aranges
                0x00000000000003a8       0x20 /home/ek-181/button/bin/stm32f0discovery/board.a(board.o)
 .debug_aranges
                0x00000000000003c8       0x28 /home/ek-181/button/bin/stm32f0discovery/core.a(panic.o)
 .debug_aranges
                0x00000000000003f0       0x30 /home/ek-181/button/bin/stm32f0discovery/core.a(kernel_init.o)
 .debug_aranges
                0x0000000000000420       0x60 /home/ek-181/button/bin/stm32f0discovery/core.a(thread.o)
 .debug_aranges
                0x0000000000000480       0x28 /home/ek-181/button/bin/stm32f0discovery/cortexm_common_periph.a(pm.o)
 .debug_aranges
                0x00000000000004a8       0x48 /home/ek-181/button/bin/stm32f0discovery/isrpipe.a(isrpipe.o)
 .debug_aranges
                0x00000000000004f0       0x20 /home/ek-181/button/bin/stm32f0discovery/stm32_common.a(cpu_init.o)
 .debug_aranges
                0x0000000000000510       0x38 /home/ek-181/button/bin/stm32f0discovery/stm32_common.a(cpu_common.o)
 .debug_aranges
                0x0000000000000548       0x20 /home/ek-181/button/bin/stm32f0discovery/stm32_common.a(stmclk.o)
 .debug_aranges
                0x0000000000000568       0x48 /home/ek-181/button/bin/stm32f0discovery/stm32_common.a(stmclk_common.o)
 .debug_aranges
                0x00000000000005b0       0x50 /home/ek-181/button/bin/stm32f0discovery/stm32_common_periph.a(timer.o)
 .debug_aranges
                0x0000000000000600       0x48 /home/ek-181/button/bin/stm32f0discovery/tsrb.a(tsrb.o)
 .debug_aranges
                0x0000000000000648       0x20 /home/ek-181/button/bin/stm32f0discovery/periph_common.a(init.o)
 .debug_aranges
                0x0000000000000668       0x30 /home/ek-181/button/bin/stm32f0discovery/application_button.a(main.o)
 .debug_aranges
                0x0000000000000698       0x20 /home/ek-181/button/bin/stm32f0discovery/auto_init.a(auto_init.o)
 .debug_aranges
                0x00000000000006b8       0x30 /home/ek-181/button/bin/stm32f0discovery/core.a(mutex.o)
 .debug_aranges
                0x00000000000006e8       0x20 /home/ek-181/button/bin/stm32f0discovery/cortexm_common.a(cortexm_init.o)

.debug_ranges   0x0000000000000000      0xb20
 .debug_ranges  0x0000000000000000       0x10 /home/ek-181/button/bin/stm32f0discovery/cpu/vectors.o
 .debug_ranges  0x0000000000000010       0xe8 /home/ek-181/button/bin/stm32f0discovery/newlib_syscalls_default/syscalls.o
 .debug_ranges  0x00000000000000f8       0x90 /home/ek-181/button/bin/stm32f0discovery/core.a(sched.o)
 .debug_ranges  0x0000000000000188       0x18 /home/ek-181/button/bin/stm32f0discovery/core.a(bitarithm.o)
 .debug_ranges  0x00000000000001a0       0x68 /home/ek-181/button/bin/stm32f0discovery/cortexm_common.a(thread_arch.o)
 .debug_ranges  0x0000000000000208       0x38 /home/ek-181/button/bin/stm32f0discovery/cortexm_common.a(vectors_cortexm.o)
 .debug_ranges  0x0000000000000240       0x28 /home/ek-181/button/bin/stm32f0discovery/cortexm_common.a(irq_arch.o)
 .debug_ranges  0x0000000000000268       0x20 /home/ek-181/button/bin/stm32f0discovery/stdio_uart.a(stdio_uart.o)
 .debug_ranges  0x0000000000000288       0xa0 /home/ek-181/button/bin/stm32f0discovery/stm32_common_periph.a(uart.o)
 .debug_ranges  0x0000000000000328      0x188 /home/ek-181/button/bin/stm32f0discovery/stm32_common_periph.a(gpio.o)
 .debug_ranges  0x00000000000004b0      0x1f8 /home/ek-181/button/bin/stm32f0discovery/xtimer.a(xtimer_core.o)
 .debug_ranges  0x00000000000006a8       0x10 /home/ek-181/button/bin/stm32f0discovery/periph_common.a(pm.o)
 .debug_ranges  0x00000000000006b8       0x10 /home/ek-181/button/bin/stm32f0discovery/board.a(board.o)
 .debug_ranges  0x00000000000006c8       0x18 /home/ek-181/button/bin/stm32f0discovery/core.a(panic.o)
 .debug_ranges  0x00000000000006e0       0x20 /home/ek-181/button/bin/stm32f0discovery/core.a(kernel_init.o)
 .debug_ranges  0x0000000000000700       0x98 /home/ek-181/button/bin/stm32f0discovery/core.a(thread.o)
 .debug_ranges  0x0000000000000798       0x30 /home/ek-181/button/bin/stm32f0discovery/cortexm_common_periph.a(pm.o)
 .debug_ranges  0x00000000000007c8       0x68 /home/ek-181/button/bin/stm32f0discovery/isrpipe.a(isrpipe.o)
 .debug_ranges  0x0000000000000830       0x10 /home/ek-181/button/bin/stm32f0discovery/stm32_common.a(cpu_init.o)
 .debug_ranges  0x0000000000000840       0x28 /home/ek-181/button/bin/stm32f0discovery/stm32_common.a(cpu_common.o)
 .debug_ranges  0x0000000000000868       0x10 /home/ek-181/button/bin/stm32f0discovery/stm32_common.a(stmclk.o)
 .debug_ranges  0x0000000000000878       0x38 /home/ek-181/button/bin/stm32f0discovery/stm32_common.a(stmclk_common.o)
 .debug_ranges  0x00000000000008b0       0x78 /home/ek-181/button/bin/stm32f0discovery/stm32_common_periph.a(timer.o)
 .debug_ranges  0x0000000000000928       0x88 /home/ek-181/button/bin/stm32f0discovery/tsrb.a(tsrb.o)
 .debug_ranges  0x00000000000009b0       0x10 /home/ek-181/button/bin/stm32f0discovery/periph_common.a(init.o)
 .debug_ranges  0x00000000000009c0       0x38 /home/ek-181/button/bin/stm32f0discovery/application_button.a(main.o)
 .debug_ranges  0x00000000000009f8       0x10 /home/ek-181/button/bin/stm32f0discovery/auto_init.a(auto_init.o)
 .debug_ranges  0x0000000000000a08       0x80 /home/ek-181/button/bin/stm32f0discovery/core.a(mutex.o)
 .debug_ranges  0x0000000000000a88       0x98 /home/ek-181/button/bin/stm32f0discovery/cortexm_common.a(cortexm_init.o)

.debug_macro    0x0000000000000000    0x1ef30
 .debug_macro   0x0000000000000000       0xe3 /home/ek-181/button/bin/stm32f0discovery/cpu/vectors.o
 .debug_macro   0x00000000000000e3      0xa3c /home/ek-181/button/bin/stm32f0discovery/cpu/vectors.o
 .debug_macro   0x0000000000000b1f       0xee /home/ek-181/button/bin/stm32f0discovery/cpu/vectors.o
 .debug_macro   0x0000000000000c0d       0x28 /home/ek-181/button/bin/stm32f0discovery/cpu/vectors.o
 .debug_macro   0x0000000000000c35       0x2e /home/ek-181/button/bin/stm32f0discovery/cpu/vectors.o
 .debug_macro   0x0000000000000c63       0x22 /home/ek-181/button/bin/stm32f0discovery/cpu/vectors.o
 .debug_macro   0x0000000000000c85       0x22 /home/ek-181/button/bin/stm32f0discovery/cpu/vectors.o
 .debug_macro   0x0000000000000ca7       0x56 /home/ek-181/button/bin/stm32f0discovery/cpu/vectors.o
 .debug_macro   0x0000000000000cfd       0x51 /home/ek-181/button/bin/stm32f0discovery/cpu/vectors.o
 .debug_macro   0x0000000000000d4e       0xef /home/ek-181/button/bin/stm32f0discovery/cpu/vectors.o
 .debug_macro   0x0000000000000e3d       0x6a /home/ek-181/button/bin/stm32f0discovery/cpu/vectors.o
 .debug_macro   0x0000000000000ea7      0x1df /home/ek-181/button/bin/stm32f0discovery/cpu/vectors.o
 .debug_macro   0x0000000000001086       0x34 /home/ek-181/button/bin/stm32f0discovery/cpu/vectors.o
 .debug_macro   0x00000000000010ba       0x26 /home/ek-181/button/bin/stm32f0discovery/cpu/vectors.o
 .debug_macro   0x00000000000010e0      0x30d /home/ek-181/button/bin/stm32f0discovery/cpu/vectors.o
 .debug_macro   0x00000000000013ed     0x3dc2 /home/ek-181/button/bin/stm32f0discovery/cpu/vectors.o
 .debug_macro   0x00000000000051af       0x35 /home/ek-181/button/bin/stm32f0discovery/cpu/vectors.o
 .debug_macro   0x00000000000051e4       0x28 /home/ek-181/button/bin/stm32f0discovery/cpu/vectors.o
 .debug_macro   0x000000000000520c       0x16 /home/ek-181/button/bin/stm32f0discovery/cpu/vectors.o
 .debug_macro   0x0000000000005222      0x48f /home/ek-181/button/bin/stm32f0discovery/newlib_syscalls_default/syscalls.o
 .debug_macro   0x00000000000056b1      0xa3c /home/ek-181/button/bin/stm32f0discovery/newlib_syscalls_default/syscalls.o
 .debug_macro   0x00000000000060ed       0x40 /home/ek-181/button/bin/stm32f0discovery/newlib_syscalls_default/syscalls.o
 .debug_macro   0x000000000000612d       0x18 /home/ek-181/button/bin/stm32f0discovery/newlib_syscalls_default/syscalls.o
 .debug_macro   0x0000000000006145       0x5c /home/ek-181/button/bin/stm32f0discovery/newlib_syscalls_default/syscalls.o
 .debug_macro   0x00000000000061a1       0x3c /home/ek-181/button/bin/stm32f0discovery/newlib_syscalls_default/syscalls.o
 .debug_macro   0x00000000000061dd       0x34 /home/ek-181/button/bin/stm32f0discovery/newlib_syscalls_default/syscalls.o
 .debug_macro   0x0000000000006211       0x10 /home/ek-181/button/bin/stm32f0discovery/newlib_syscalls_default/syscalls.o
 .debug_macro   0x0000000000006221       0x57 /home/ek-181/button/bin/stm32f0discovery/newlib_syscalls_default/syscalls.o
 .debug_macro   0x0000000000006278       0xcf /home/ek-181/button/bin/stm32f0discovery/newlib_syscalls_default/syscalls.o
 .debug_macro   0x0000000000006347      0x353 /home/ek-181/button/bin/stm32f0discovery/newlib_syscalls_default/syscalls.o
 .debug_macro   0x000000000000669a       0x10 /home/ek-181/button/bin/stm32f0discovery/newlib_syscalls_default/syscalls.o
 .debug_macro   0x00000000000066aa       0xb7 /home/ek-181/button/bin/stm32f0discovery/newlib_syscalls_default/syscalls.o
 .debug_macro   0x0000000000006761       0x52 /home/ek-181/button/bin/stm32f0discovery/newlib_syscalls_default/syscalls.o
 .debug_macro   0x00000000000067b3       0x1f /home/ek-181/button/bin/stm32f0discovery/newlib_syscalls_default/syscalls.o
 .debug_macro   0x00000000000067d2       0x43 /home/ek-181/button/bin/stm32f0discovery/newlib_syscalls_default/syscalls.o
 .debug_macro   0x0000000000006815       0x20 /home/ek-181/button/bin/stm32f0discovery/newlib_syscalls_default/syscalls.o
 .debug_macro   0x0000000000006835       0xb6 /home/ek-181/button/bin/stm32f0discovery/newlib_syscalls_default/syscalls.o
 .debug_macro   0x00000000000068eb      0x4fe /home/ek-181/button/bin/stm32f0discovery/newlib_syscalls_default/syscalls.o
 .debug_macro   0x0000000000006de9      0x1a3 /home/ek-181/button/bin/stm32f0discovery/newlib_syscalls_default/syscalls.o
 .debug_macro   0x0000000000006f8c       0x10 /home/ek-181/button/bin/stm32f0discovery/newlib_syscalls_default/syscalls.o
 .debug_macro   0x0000000000006f9c       0x35 /home/ek-181/button/bin/stm32f0discovery/newlib_syscalls_default/syscalls.o
 .debug_macro   0x0000000000006fd1       0x10 /home/ek-181/button/bin/stm32f0discovery/newlib_syscalls_default/syscalls.o
 .debug_macro   0x0000000000006fe1      0x241 /home/ek-181/button/bin/stm32f0discovery/newlib_syscalls_default/syscalls.o
 .debug_macro   0x0000000000007222       0x16 /home/ek-181/button/bin/stm32f0discovery/newlib_syscalls_default/syscalls.o
 .debug_macro   0x0000000000007238       0x10 /home/ek-181/button/bin/stm32f0discovery/newlib_syscalls_default/syscalls.o
 .debug_macro   0x0000000000007248       0x16 /home/ek-181/button/bin/stm32f0discovery/newlib_syscalls_default/syscalls.o
 .debug_macro   0x000000000000725e       0xff /home/ek-181/button/bin/stm32f0discovery/newlib_syscalls_default/syscalls.o
 .debug_macro   0x000000000000735d       0x16 /home/ek-181/button/bin/stm32f0discovery/newlib_syscalls_default/syscalls.o
 .debug_macro   0x0000000000007373       0x22 /home/ek-181/button/bin/stm32f0discovery/newlib_syscalls_default/syscalls.o
 .debug_macro   0x0000000000007395       0x16 /home/ek-181/button/bin/stm32f0discovery/newlib_syscalls_default/syscalls.o
 .debug_macro   0x00000000000073ab       0x16 /home/ek-181/button/bin/stm32f0discovery/newlib_syscalls_default/syscalls.o
 .debug_macro   0x00000000000073c1       0x10 /home/ek-181/button/bin/stm32f0discovery/newlib_syscalls_default/syscalls.o
 .debug_macro   0x00000000000073d1       0x10 /home/ek-181/button/bin/stm32f0discovery/newlib_syscalls_default/syscalls.o
 .debug_macro   0x00000000000073e1       0x2e /home/ek-181/button/bin/stm32f0discovery/newlib_syscalls_default/syscalls.o
 .debug_macro   0x000000000000740f       0xf5 /home/ek-181/button/bin/stm32f0discovery/newlib_syscalls_default/syscalls.o
 .debug_macro   0x0000000000007504       0x22 /home/ek-181/button/bin/stm32f0discovery/newlib_syscalls_default/syscalls.o
 .debug_macro   0x0000000000007526       0x2f /home/ek-181/button/bin/stm32f0discovery/newlib_syscalls_default/syscalls.o
 .debug_macro   0x0000000000007555       0x3a /home/ek-181/button/bin/stm32f0discovery/newlib_syscalls_default/syscalls.o
 .debug_macro   0x000000000000758f       0xd6 /home/ek-181/button/bin/stm32f0discovery/newlib_syscalls_default/syscalls.o
 .debug_macro   0x0000000000007665       0x10 /home/ek-181/button/bin/stm32f0discovery/newlib_syscalls_default/syscalls.o
 .debug_macro   0x0000000000007675      0x460 /home/ek-181/button/bin/stm32f0discovery/newlib_syscalls_default/syscalls.o
 .debug_macro   0x0000000000007ad5       0x2b /home/ek-181/button/bin/stm32f0discovery/newlib_syscalls_default/syscalls.o
 .debug_macro   0x0000000000007b00       0xee /home/ek-181/button/bin/stm32f0discovery/newlib_syscalls_default/syscalls.o
 .debug_macro   0x0000000000007bee       0x28 /home/ek-181/button/bin/stm32f0discovery/newlib_syscalls_default/syscalls.o
 .debug_macro   0x0000000000007c16       0x10 /home/ek-181/button/bin/stm32f0discovery/newlib_syscalls_default/syscalls.o
 .debug_macro   0x0000000000007c26       0x12 /home/ek-181/button/bin/stm32f0discovery/newlib_syscalls_default/syscalls.o
 .debug_macro   0x0000000000007c38       0xba /home/ek-181/button/bin/stm32f0discovery/newlib_syscalls_default/syscalls.o
 .debug_macro   0x0000000000007cf2       0x16 /home/ek-181/button/bin/stm32f0discovery/newlib_syscalls_default/syscalls.o
 .debug_macro   0x0000000000007d08       0x58 /home/ek-181/button/bin/stm32f0discovery/newlib_syscalls_default/syscalls.o
 .debug_macro   0x0000000000007d60       0x34 /home/ek-181/button/bin/stm32f0discovery/newlib_syscalls_default/syscalls.o
 .debug_macro   0x0000000000007d94       0x86 /home/ek-181/button/bin/stm32f0discovery/newlib_syscalls_default/syscalls.o
 .debug_macro   0x0000000000007e1a       0x10 /home/ek-181/button/bin/stm32f0discovery/newlib_syscalls_default/syscalls.o
 .debug_macro   0x0000000000007e2a       0x10 /home/ek-181/button/bin/stm32f0discovery/newlib_syscalls_default/syscalls.o
 .debug_macro   0x0000000000007e3a       0x43 /home/ek-181/button/bin/stm32f0discovery/newlib_syscalls_default/syscalls.o
 .debug_macro   0x0000000000007e7d       0x1c /home/ek-181/button/bin/stm32f0discovery/newlib_syscalls_default/syscalls.o
 .debug_macro   0x0000000000007e99       0x34 /home/ek-181/button/bin/stm32f0discovery/newlib_syscalls_default/syscalls.o
 .debug_macro   0x0000000000007ecd       0x16 /home/ek-181/button/bin/stm32f0discovery/newlib_syscalls_default/syscalls.o
 .debug_macro   0x0000000000007ee3       0x77 /home/ek-181/button/bin/stm32f0discovery/newlib_syscalls_default/syscalls.o
 .debug_macro   0x0000000000007f5a       0x58 /home/ek-181/button/bin/stm32f0discovery/newlib_syscalls_default/syscalls.o
 .debug_macro   0x0000000000007fb2       0x10 /home/ek-181/button/bin/stm32f0discovery/newlib_syscalls_default/syscalls.o
 .debug_macro   0x0000000000007fc2       0x10 /home/ek-181/button/bin/stm32f0discovery/newlib_syscalls_default/syscalls.o
 .debug_macro   0x0000000000007fd2      0x300 /home/ek-181/button/bin/stm32f0discovery/core.a(sched.o)
 .debug_macro   0x00000000000082d2      0xa3c /home/ek-181/button/bin/stm32f0discovery/core.a(sched.o)
 .debug_macro   0x0000000000008d0e      0x16d /home/ek-181/button/bin/stm32f0discovery/core.a(sched.o)
 .debug_macro   0x0000000000008e7b       0x46 /home/ek-181/button/bin/stm32f0discovery/core.a(sched.o)
 .debug_macro   0x0000000000008ec1       0x3a /home/ek-181/button/bin/stm32f0discovery/core.a(sched.o)
 .debug_macro   0x0000000000008efb       0x25 /home/ek-181/button/bin/stm32f0discovery/core.a(sched.o)
 .debug_macro   0x0000000000008f20       0x2e /home/ek-181/button/bin/stm32f0discovery/core.a(sched.o)
 .debug_macro   0x0000000000008f4e       0x1c /home/ek-181/button/bin/stm32f0discovery/core.a(sched.o)
 .debug_macro   0x0000000000008f6a      0x114 /home/ek-181/button/bin/stm32f0discovery/core.a(sched.o)
 .debug_macro   0x000000000000907e       0x1c /home/ek-181/button/bin/stm32f0discovery/core.a(sched.o)
 .debug_macro   0x000000000000909a      0x1cb /home/ek-181/button/bin/stm32f0discovery/core.a(bitarithm.o)
 .debug_macro   0x0000000000009265      0xa3c /home/ek-181/button/bin/stm32f0discovery/core.a(bitarithm.o)
 .debug_macro   0x0000000000009ca1       0x97 /home/ek-181/button/bin/stm32f0discovery/core.a(bitarithm.o)
 .debug_macro   0x0000000000009d38       0xf6 /home/ek-181/button/bin/stm32f0discovery/core.a(bitarithm.o)
 .debug_macro   0x0000000000009e2e      0x2e8 /home/ek-181/button/bin/stm32f0discovery/cortexm_common.a(thread_arch.o)
 .debug_macro   0x000000000000a116      0xa3c /home/ek-181/button/bin/stm32f0discovery/cortexm_common.a(thread_arch.o)
 .debug_macro   0x000000000000ab52       0x1c /home/ek-181/button/bin/stm32f0discovery/cortexm_common.a(thread_arch.o)
 .debug_macro   0x000000000000ab6e      0x30f /home/ek-181/button/bin/stm32f0discovery/cortexm_common.a(vectors_cortexm.o)
 .debug_macro   0x000000000000ae7d      0xa3c /home/ek-181/button/bin/stm32f0discovery/cortexm_common.a(vectors_cortexm.o)
 .debug_macro   0x000000000000b8b9       0x16 /home/ek-181/button/bin/stm32f0discovery/cortexm_common.a(vectors_cortexm.o)
 .debug_macro   0x000000000000b8cf       0x1c /home/ek-181/button/bin/stm32f0discovery/cortexm_common.a(vectors_cortexm.o)
 .debug_macro   0x000000000000b8eb      0x2d8 /home/ek-181/button/bin/stm32f0discovery/cortexm_common.a(irq_arch.o)
 .debug_macro   0x000000000000bbc3      0xa3c /home/ek-181/button/bin/stm32f0discovery/cortexm_common.a(irq_arch.o)
 .debug_macro   0x000000000000c5ff      0x3b1 /home/ek-181/button/bin/stm32f0discovery/stdio_uart.a(stdio_uart.o)
 .debug_macro   0x000000000000c9b0      0xa3c /home/ek-181/button/bin/stm32f0discovery/stdio_uart.a(stdio_uart.o)
 .debug_macro   0x000000000000d3ec       0x52 /home/ek-181/button/bin/stm32f0discovery/stdio_uart.a(stdio_uart.o)
 .debug_macro   0x000000000000d43e       0x16 /home/ek-181/button/bin/stm32f0discovery/stdio_uart.a(stdio_uart.o)
 .debug_macro   0x000000000000d454       0x16 /home/ek-181/button/bin/stm32f0discovery/stdio_uart.a(stdio_uart.o)
 .debug_macro   0x000000000000d46a       0x10 /home/ek-181/button/bin/stm32f0discovery/stdio_uart.a(stdio_uart.o)
 .debug_macro   0x000000000000d47a      0x335 /home/ek-181/button/bin/stm32f0discovery/stm32_common_periph.a(uart.o)
 .debug_macro   0x000000000000d7af      0xa3c /home/ek-181/button/bin/stm32f0discovery/stm32_common_periph.a(uart.o)
 .debug_macro   0x000000000000e1eb       0x10 /home/ek-181/button/bin/stm32f0discovery/stm32_common_periph.a(uart.o)
 .debug_macro   0x000000000000e1fb      0x307 /home/ek-181/button/bin/stm32f0discovery/stm32_common_periph.a(gpio.o)
 .debug_macro   0x000000000000e502      0xa3c /home/ek-181/button/bin/stm32f0discovery/stm32_common_periph.a(gpio.o)
 .debug_macro   0x000000000000ef3e      0x3ac /home/ek-181/button/bin/stm32f0discovery/xtimer.a(xtimer_core.o)
 .debug_macro   0x000000000000f2ea      0xa3c /home/ek-181/button/bin/stm32f0discovery/xtimer.a(xtimer_core.o)
 .debug_macro   0x000000000000fd26       0x10 /home/ek-181/button/bin/stm32f0discovery/xtimer.a(xtimer_core.o)
 .debug_macro   0x000000000000fd36       0x16 /home/ek-181/button/bin/stm32f0discovery/xtimer.a(xtimer_core.o)
 .debug_macro   0x000000000000fd4c      0x317 /home/ek-181/button/bin/stm32f0discovery/periph_common.a(pm.o)
 .debug_macro   0x0000000000010063      0xa3c /home/ek-181/button/bin/stm32f0discovery/periph_common.a(pm.o)
 .debug_macro   0x0000000000010a9f       0x80 /home/ek-181/button/bin/stm32f0discovery/periph_common.a(pm.o)
 .debug_macro   0x0000000000010b1f      0x310 /home/ek-181/button/bin/stm32f0discovery/board.a(board.o)
 .debug_macro   0x0000000000010e2f      0xa3c /home/ek-181/button/bin/stm32f0discovery/board.a(board.o)
 .debug_macro   0x000000000001186b      0x320 /home/ek-181/button/bin/stm32f0discovery/core.a(panic.o)
 .debug_macro   0x0000000000011b8b      0xa3c /home/ek-181/button/bin/stm32f0discovery/core.a(panic.o)
 .debug_macro   0x00000000000125c7      0x363 /home/ek-181/button/bin/stm32f0discovery/core.a(kernel_init.o)
 .debug_macro   0x000000000001292a      0xa3c /home/ek-181/button/bin/stm32f0discovery/core.a(kernel_init.o)
 .debug_macro   0x0000000000013366      0x23b /home/ek-181/button/bin/stm32f0discovery/core.a(kernel_init.o)
 .debug_macro   0x00000000000135a1       0xdc /home/ek-181/button/bin/stm32f0discovery/core.a(kernel_init.o)
 .debug_macro   0x000000000001367d      0x302 /home/ek-181/button/bin/stm32f0discovery/core.a(thread.o)
 .debug_macro   0x000000000001397f      0xa3c /home/ek-181/button/bin/stm32f0discovery/core.a(thread.o)
 .debug_macro   0x00000000000143bb      0x2f8 /home/ek-181/button/bin/stm32f0discovery/cortexm_common_periph.a(pm.o)
 .debug_macro   0x00000000000146b3      0xa3c /home/ek-181/button/bin/stm32f0discovery/cortexm_common_periph.a(pm.o)
 .debug_macro   0x00000000000150ef      0x3d0 /home/ek-181/button/bin/stm32f0discovery/isrpipe.a(isrpipe.o)
 .debug_macro   0x00000000000154bf      0xa3c /home/ek-181/button/bin/stm32f0discovery/isrpipe.a(isrpipe.o)
 .debug_macro   0x0000000000015efb       0x2e /home/ek-181/button/bin/stm32f0discovery/isrpipe.a(isrpipe.o)
 .debug_macro   0x0000000000015f29       0x71 /home/ek-181/button/bin/stm32f0discovery/isrpipe.a(isrpipe.o)
 .debug_macro   0x0000000000015f9a      0x304 /home/ek-181/button/bin/stm32f0discovery/stm32_common.a(cpu_init.o)
 .debug_macro   0x000000000001629e      0xa3c /home/ek-181/button/bin/stm32f0discovery/stm32_common.a(cpu_init.o)
 .debug_macro   0x0000000000016cda      0x318 /home/ek-181/button/bin/stm32f0discovery/stm32_common.a(cpu_common.o)
 .debug_macro   0x0000000000016ff2      0xa3c /home/ek-181/button/bin/stm32f0discovery/stm32_common.a(cpu_common.o)
 .debug_macro   0x0000000000017a2e      0x32a /home/ek-181/button/bin/stm32f0discovery/stm32_common.a(stmclk.o)
 .debug_macro   0x0000000000017d58      0xa3c /home/ek-181/button/bin/stm32f0discovery/stm32_common.a(stmclk.o)
 .debug_macro   0x0000000000018794      0x321 /home/ek-181/button/bin/stm32f0discovery/stm32_common.a(stmclk_common.o)
 .debug_macro   0x0000000000018ab5      0xa3c /home/ek-181/button/bin/stm32f0discovery/stm32_common.a(stmclk_common.o)
 .debug_macro   0x00000000000194f1      0x310 /home/ek-181/button/bin/stm32f0discovery/stm32_common_periph.a(timer.o)
 .debug_macro   0x0000000000019801      0xa3c /home/ek-181/button/bin/stm32f0discovery/stm32_common_periph.a(timer.o)
 .debug_macro   0x000000000001a23d       0x5f /home/ek-181/button/bin/stm32f0discovery/tsrb.a(tsrb.o)
 .debug_macro   0x000000000001a29c      0xa3c /home/ek-181/button/bin/stm32f0discovery/tsrb.a(tsrb.o)
 .debug_macro   0x000000000001acd8       0x1a /home/ek-181/button/bin/stm32f0discovery/periph_common.a(init.o)
 .debug_macro   0x000000000001acf2      0xa3c /home/ek-181/button/bin/stm32f0discovery/periph_common.a(init.o)
 .debug_macro   0x000000000001b72e      0x3a0 /home/ek-181/button/bin/stm32f0discovery/application_button.a(main.o)
 .debug_macro   0x000000000001bace      0xa3c /home/ek-181/button/bin/stm32f0discovery/application_button.a(main.o)
 .debug_macro   0x000000000001c50a      0x3bc /home/ek-181/button/bin/stm32f0discovery/auto_init.a(auto_init.o)
 .debug_macro   0x000000000001c8c6      0xa3c /home/ek-181/button/bin/stm32f0discovery/auto_init.a(auto_init.o)
 .debug_macro   0x000000000001d302      0x2f9 /home/ek-181/button/bin/stm32f0discovery/core.a(mutex.o)
 .debug_macro   0x000000000001d5fb      0xa3c /home/ek-181/button/bin/stm32f0discovery/core.a(mutex.o)
 .debug_macro   0x000000000001e037      0x1e5 /home/ek-181/button/bin/stm32f0discovery/core.a(mutex.o)
 .debug_macro   0x000000000001e21c      0x2d8 /home/ek-181/button/bin/stm32f0discovery/cortexm_common.a(cortexm_init.o)
 .debug_macro   0x000000000001e4f4      0xa3c /home/ek-181/button/bin/stm32f0discovery/cortexm_common.a(cortexm_init.o)

.debug_line     0x0000000000000000     0xaae1
 .debug_line    0x0000000000000000      0x2f2 /home/ek-181/button/bin/stm32f0discovery/cpu/vectors.o
 .debug_line    0x00000000000002f2      0x92d /home/ek-181/button/bin/stm32f0discovery/newlib_syscalls_default/syscalls.o
 .debug_line    0x0000000000000c1f      0x5bb /home/ek-181/button/bin/stm32f0discovery/core.a(sched.o)
 .debug_line    0x00000000000011da      0x41b /home/ek-181/button/bin/stm32f0discovery/core.a(bitarithm.o)
 .debug_line    0x00000000000015f5      0x608 /home/ek-181/button/bin/stm32f0discovery/cortexm_common.a(thread_arch.o)
 .debug_line    0x0000000000001bfd      0x646 /home/ek-181/button/bin/stm32f0discovery/cortexm_common.a(vectors_cortexm.o)
 .debug_line    0x0000000000002243      0x568 /home/ek-181/button/bin/stm32f0discovery/cortexm_common.a(irq_arch.o)
 .debug_line    0x00000000000027ab      0x693 /home/ek-181/button/bin/stm32f0discovery/stdio_uart.a(stdio_uart.o)
 .debug_line    0x0000000000002e3e      0x715 /home/ek-181/button/bin/stm32f0discovery/stm32_common_periph.a(uart.o)
 .debug_line    0x0000000000003553      0x7d5 /home/ek-181/button/bin/stm32f0discovery/stm32_common_periph.a(gpio.o)
 .debug_line    0x0000000000003d28      0x931 /home/ek-181/button/bin/stm32f0discovery/xtimer.a(xtimer_core.o)
 .debug_line    0x0000000000004659      0x592 /home/ek-181/button/bin/stm32f0discovery/periph_common.a(pm.o)
 .debug_line    0x0000000000004beb      0x5e0 /home/ek-181/button/bin/stm32f0discovery/board.a(board.o)
 .debug_line    0x00000000000051cb      0x5c9 /home/ek-181/button/bin/stm32f0discovery/core.a(panic.o)
 .debug_line    0x0000000000005794      0x613 /home/ek-181/button/bin/stm32f0discovery/core.a(kernel_init.o)
 .debug_line    0x0000000000005da7      0x666 /home/ek-181/button/bin/stm32f0discovery/core.a(thread.o)
 .debug_line    0x000000000000640d      0x5d6 /home/ek-181/button/bin/stm32f0discovery/cortexm_common_periph.a(pm.o)
 .debug_line    0x00000000000069e3      0x76b /home/ek-181/button/bin/stm32f0discovery/isrpipe.a(isrpipe.o)
 .debug_line    0x000000000000714e      0x59f /home/ek-181/button/bin/stm32f0discovery/stm32_common.a(cpu_init.o)
 .debug_line    0x00000000000076ed      0x601 /home/ek-181/button/bin/stm32f0discovery/stm32_common.a(cpu_common.o)
 .debug_line    0x0000000000007cee      0x5d8 /home/ek-181/button/bin/stm32f0discovery/stm32_common.a(stmclk.o)
 .debug_line    0x00000000000082c6      0x61c /home/ek-181/button/bin/stm32f0discovery/stm32_common.a(stmclk_common.o)
 .debug_line    0x00000000000088e2      0x6ca /home/ek-181/button/bin/stm32f0discovery/stm32_common_periph.a(timer.o)
 .debug_line    0x0000000000008fac      0x216 /home/ek-181/button/bin/stm32f0discovery/tsrb.a(tsrb.o)
 .debug_line    0x00000000000091c2       0xbf /home/ek-181/button/bin/stm32f0discovery/periph_common.a(init.o)
 .debug_line    0x0000000000009281      0x6f2 /home/ek-181/button/bin/stm32f0discovery/application_button.a(main.o)
 .debug_line    0x0000000000009973      0x69c /home/ek-181/button/bin/stm32f0discovery/auto_init.a(auto_init.o)
 .debug_line    0x000000000000a00f      0x58a /home/ek-181/button/bin/stm32f0discovery/core.a(mutex.o)
 .debug_line    0x000000000000a599      0x548 /home/ek-181/button/bin/stm32f0discovery/cortexm_common.a(cortexm_init.o)

.debug_str      0x0000000000000000    0x26a75
 .debug_str     0x0000000000000000    0x1c217 /home/ek-181/button/bin/stm32f0discovery/cpu/vectors.o
                                      0x1c385 (size before relaxing)
 .debug_str     0x000000000001c217     0x81b9 /home/ek-181/button/bin/stm32f0discovery/newlib_syscalls_default/syscalls.o
                                      0x246cc (size before relaxing)
 .debug_str     0x00000000000243d0      0x348 /home/ek-181/button/bin/stm32f0discovery/core.a(sched.o)
                                      0x21fbe (size before relaxing)
 .debug_str     0x0000000000024718       0x8f /home/ek-181/button/bin/stm32f0discovery/core.a(bitarithm.o)
                                      0x1ff19 (size before relaxing)
 .debug_str     0x00000000000247a7      0x20e /home/ek-181/button/bin/stm32f0discovery/cortexm_common.a(thread_arch.o)
                                      0x21de4 (size before relaxing)
 .debug_str     0x00000000000249b5      0x37f /home/ek-181/button/bin/stm32f0discovery/cortexm_common.a(vectors_cortexm.o)
                                      0x22189 (size before relaxing)
 .debug_str     0x0000000000024d34       0xcb /home/ek-181/button/bin/stm32f0discovery/cortexm_common.a(irq_arch.o)
                                      0x21ca2 (size before relaxing)
 .debug_str     0x0000000000024dff      0x245 /home/ek-181/button/bin/stm32f0discovery/stdio_uart.a(stdio_uart.o)
                                      0x237b5 (size before relaxing)
 .debug_str     0x0000000000025044      0x466 /home/ek-181/button/bin/stm32f0discovery/stm32_common_periph.a(uart.o)
                                      0x22812 (size before relaxing)
 .debug_str     0x00000000000254aa      0x1ff /home/ek-181/button/bin/stm32f0discovery/stm32_common_periph.a(gpio.o)
                                      0x22731 (size before relaxing)
 .debug_str     0x00000000000256a9      0x327 /home/ek-181/button/bin/stm32f0discovery/xtimer.a(xtimer_core.o)
                                      0x22c03 (size before relaxing)
 .debug_str     0x00000000000259d0       0x9d /home/ek-181/button/bin/stm32f0discovery/periph_common.a(pm.o)
                                      0x21fbd (size before relaxing)
 .debug_str     0x0000000000025a6d       0xb5 /home/ek-181/button/bin/stm32f0discovery/board.a(board.o)
                                      0x224d8 (size before relaxing)
 .debug_str     0x0000000000025b22       0xa9 /home/ek-181/button/bin/stm32f0discovery/core.a(panic.o)
                                      0x220d6 (size before relaxing)
 .debug_str     0x0000000000025bcb       0xe2 /home/ek-181/button/bin/stm32f0discovery/core.a(kernel_init.o)
                                      0x2265b (size before relaxing)
 .debug_str     0x0000000000025cad      0x170 /home/ek-181/button/bin/stm32f0discovery/core.a(thread.o)
                                      0x223e2 (size before relaxing)
 .debug_str     0x0000000000025e1d       0xd1 /home/ek-181/button/bin/stm32f0discovery/cortexm_common_periph.a(pm.o)
                                      0x21f04 (size before relaxing)
 .debug_str     0x0000000000025eee      0x168 /home/ek-181/button/bin/stm32f0discovery/isrpipe.a(isrpipe.o)
                                      0x22eeb (size before relaxing)
 .debug_str     0x0000000000026056      0x105 /home/ek-181/button/bin/stm32f0discovery/stm32_common.a(cpu_init.o)
                                      0x21ed4 (size before relaxing)
 .debug_str     0x000000000002615b       0xe4 /home/ek-181/button/bin/stm32f0discovery/stm32_common.a(cpu_common.o)
                                      0x224b3 (size before relaxing)
 .debug_str     0x000000000002623f      0x1c5 /home/ek-181/button/bin/stm32f0discovery/stm32_common.a(stmclk.o)
                                      0x2248c (size before relaxing)
 .debug_str     0x0000000000026404      0x148 /home/ek-181/button/bin/stm32f0discovery/stm32_common.a(stmclk_common.o)
                                      0x223fb (size before relaxing)
 .debug_str     0x000000000002654c       0xd3 /home/ek-181/button/bin/stm32f0discovery/stm32_common_periph.a(timer.o)
                                      0x22615 (size before relaxing)
 .debug_str     0x000000000002661f       0xbc /home/ek-181/button/bin/stm32f0discovery/tsrb.a(tsrb.o)
                                       0x3634 (size before relaxing)
 .debug_str     0x00000000000266db       0x7b /home/ek-181/button/bin/stm32f0discovery/periph_common.a(init.o)
                                       0x300e (size before relaxing)
 .debug_str     0x0000000000026756       0xd0 /home/ek-181/button/bin/stm32f0discovery/application_button.a(main.o)
                                      0x2289d (size before relaxing)
 .debug_str     0x0000000000026826       0x9a /home/ek-181/button/bin/stm32f0discovery/auto_init.a(auto_init.o)
                                      0x228e5 (size before relaxing)
 .debug_str     0x00000000000268c0       0xa7 /home/ek-181/button/bin/stm32f0discovery/core.a(mutex.o)
                                      0x21e27 (size before relaxing)
 .debug_str     0x0000000000026967      0x10e /home/ek-181/button/bin/stm32f0discovery/cortexm_common.a(cortexm_init.o)
                                      0x21f08 (size before relaxing)

.comment        0x0000000000000000       0x7f
 .comment       0x0000000000000000       0x7f /home/ek-181/button/bin/stm32f0discovery/cpu/vectors.o
                                         0x80 (size before relaxing)
 .comment       0x000000000000007f       0x80 /home/ek-181/button/bin/stm32f0discovery/newlib_syscalls_default/syscalls.o
 .comment       0x000000000000007f       0x80 /home/ek-181/button/bin/stm32f0discovery/core.a(sched.o)
 .comment       0x000000000000007f       0x80 /home/ek-181/button/bin/stm32f0discovery/core.a(bitarithm.o)
 .comment       0x000000000000007f       0x80 /home/ek-181/button/bin/stm32f0discovery/cortexm_common.a(thread_arch.o)
 .comment       0x000000000000007f       0x80 /home/ek-181/button/bin/stm32f0discovery/cortexm_common.a(vectors_cortexm.o)
 .comment       0x000000000000007f       0x80 /home/ek-181/button/bin/stm32f0discovery/cortexm_common.a(irq_arch.o)
 .comment       0x000000000000007f       0x80 /home/ek-181/button/bin/stm32f0discovery/stdio_uart.a(stdio_uart.o)
 .comment       0x000000000000007f       0x80 /home/ek-181/button/bin/stm32f0discovery/stm32_common_periph.a(uart.o)
 .comment       0x000000000000007f       0x80 /home/ek-181/button/bin/stm32f0discovery/stm32_common_periph.a(gpio.o)
 .comment       0x000000000000007f       0x80 /home/ek-181/button/bin/stm32f0discovery/xtimer.a(xtimer_core.o)
 .comment       0x000000000000007f       0x80 /home/ek-181/button/bin/stm32f0discovery/periph_common.a(pm.o)
 .comment       0x000000000000007f       0x80 /home/ek-181/button/bin/stm32f0discovery/board.a(board.o)
 .comment       0x000000000000007f       0x80 /home/ek-181/button/bin/stm32f0discovery/core.a(panic.o)
 .comment       0x000000000000007f       0x80 /home/ek-181/button/bin/stm32f0discovery/core.a(kernel_init.o)
 .comment       0x000000000000007f       0x80 /home/ek-181/button/bin/stm32f0discovery/core.a(thread.o)
 .comment       0x000000000000007f       0x80 /home/ek-181/button/bin/stm32f0discovery/cortexm_common_periph.a(pm.o)
 .comment       0x000000000000007f       0x80 /home/ek-181/button/bin/stm32f0discovery/isrpipe.a(isrpipe.o)
 .comment       0x000000000000007f       0x80 /home/ek-181/button/bin/stm32f0discovery/stm32_common.a(cpu_init.o)
 .comment       0x000000000000007f       0x80 /home/ek-181/button/bin/stm32f0discovery/stm32_common.a(cpu_common.o)
 .comment       0x000000000000007f       0x80 /home/ek-181/button/bin/stm32f0discovery/stm32_common.a(stmclk.o)
 .comment       0x000000000000007f       0x80 /home/ek-181/button/bin/stm32f0discovery/stm32_common.a(stmclk_common.o)
 .comment       0x000000000000007f       0x80 /home/ek-181/button/bin/stm32f0discovery/stm32_common_periph.a(timer.o)
 .comment       0x000000000000007f       0x80 /home/ek-181/button/bin/stm32f0discovery/tsrb.a(tsrb.o)
 .comment       0x000000000000007f       0x80 /home/ek-181/button/bin/stm32f0discovery/periph_common.a(init.o)
 .comment       0x000000000000007f       0x80 /home/ek-181/button/bin/stm32f0discovery/application_button.a(main.o)
 .comment       0x000000000000007f       0x80 /home/ek-181/button/bin/stm32f0discovery/auto_init.a(auto_init.o)
 .comment       0x000000000000007f       0x80 /home/ek-181/button/bin/stm32f0discovery/core.a(mutex.o)
 .comment       0x000000000000007f       0x80 /home/ek-181/button/bin/stm32f0discovery/cortexm_common.a(cortexm_init.o)

.ARM.attributes
                0x0000000000000000       0x31
 .ARM.attributes
                0x0000000000000000       0x31 /home/ek-181/button/bin/stm32f0discovery/cpu/vectors.o
 .ARM.attributes
                0x0000000000000031       0x31 /home/ek-181/button/bin/stm32f0discovery/newlib_syscalls_default/syscalls.o
 .ARM.attributes
                0x0000000000000062       0x31 /home/ek-181/button/bin/stm32f0discovery/core.a(sched.o)
 .ARM.attributes
                0x0000000000000093       0x31 /home/ek-181/button/bin/stm32f0discovery/core.a(bitarithm.o)
 .ARM.attributes
                0x00000000000000c4       0x31 /home/ek-181/button/bin/stm32f0discovery/cortexm_common.a(thread_arch.o)
 .ARM.attributes
                0x00000000000000f5       0x31 /home/ek-181/button/bin/stm32f0discovery/cortexm_common.a(vectors_cortexm.o)
 .ARM.attributes
                0x0000000000000126       0x31 /home/ek-181/button/bin/stm32f0discovery/cortexm_common.a(irq_arch.o)
 .ARM.attributes
                0x0000000000000157       0x31 /home/ek-181/button/bin/stm32f0discovery/stdio_uart.a(stdio_uart.o)
 .ARM.attributes
                0x0000000000000188       0x31 /home/ek-181/button/bin/stm32f0discovery/stm32_common_periph.a(uart.o)
 .ARM.attributes
                0x00000000000001b9       0x31 /home/ek-181/button/bin/stm32f0discovery/stm32_common_periph.a(gpio.o)
 .ARM.attributes
                0x00000000000001ea       0x31 /home/ek-181/button/bin/stm32f0discovery/xtimer.a(xtimer_core.o)
 .ARM.attributes
                0x000000000000021b       0x31 /home/ek-181/button/bin/stm32f0discovery/periph_common.a(pm.o)
 .ARM.attributes
                0x000000000000024c       0x31 /home/ek-181/button/bin/stm32f0discovery/board.a(board.o)
 .ARM.attributes
                0x000000000000027d       0x31 /home/ek-181/button/bin/stm32f0discovery/core.a(panic.o)
 .ARM.attributes
                0x00000000000002ae       0x31 /home/ek-181/button/bin/stm32f0discovery/core.a(kernel_init.o)
 .ARM.attributes
                0x00000000000002df       0x31 /home/ek-181/button/bin/stm32f0discovery/core.a(thread.o)
 .ARM.attributes
                0x0000000000000310       0x31 /home/ek-181/button/bin/stm32f0discovery/cortexm_common_periph.a(pm.o)
 .ARM.attributes
                0x0000000000000341       0x31 /home/ek-181/button/bin/stm32f0discovery/isrpipe.a(isrpipe.o)
 .ARM.attributes
                0x0000000000000372       0x31 /home/ek-181/button/bin/stm32f0discovery/stm32_common.a(cpu_init.o)
 .ARM.attributes
                0x00000000000003a3       0x31 /home/ek-181/button/bin/stm32f0discovery/stm32_common.a(cpu_common.o)
 .ARM.attributes
                0x00000000000003d4       0x31 /home/ek-181/button/bin/stm32f0discovery/stm32_common.a(stmclk.o)
 .ARM.attributes
                0x0000000000000405       0x31 /home/ek-181/button/bin/stm32f0discovery/stm32_common.a(stmclk_common.o)
 .ARM.attributes
                0x0000000000000436       0x31 /home/ek-181/button/bin/stm32f0discovery/stm32_common_periph.a(timer.o)
 .ARM.attributes
                0x0000000000000467       0x31 /home/ek-181/button/bin/stm32f0discovery/tsrb.a(tsrb.o)
 .ARM.attributes
                0x0000000000000498       0x31 /home/ek-181/button/bin/stm32f0discovery/periph_common.a(init.o)
 .ARM.attributes
                0x00000000000004c9       0x31 /home/ek-181/button/bin/stm32f0discovery/application_button.a(main.o)
 .ARM.attributes
                0x00000000000004fa       0x31 /home/ek-181/button/bin/stm32f0discovery/auto_init.a(auto_init.o)
 .ARM.attributes
                0x000000000000052b       0x31 /home/ek-181/button/bin/stm32f0discovery/core.a(mutex.o)
 .ARM.attributes
                0x000000000000055c       0x31 /home/ek-181/button/bin/stm32f0discovery/cortexm_common.a(cortexm_init.o)
 .ARM.attributes
                0x000000000000058d       0x1e /usr/bin/../lib/gcc/arm-none-eabi/7.3.1/thumb/v6-m/libgcc.a(_udivsi3.o)
 .ARM.attributes
                0x00000000000005ab       0x1e /usr/bin/../lib/gcc/arm-none-eabi/7.3.1/thumb/v6-m/libgcc.a(_dvmd_tls.o)
 .ARM.attributes
                0x00000000000005c9       0x2c /usr/bin/../lib/gcc/arm-none-eabi/7.3.1/../../../../arm-none-eabi/lib/thumb/v6-m/libc_nano.a(lib_a-impure.o)
 .ARM.attributes
                0x00000000000005f5       0x2c /usr/bin/../lib/gcc/arm-none-eabi/7.3.1/../../../../arm-none-eabi/lib/thumb/v6-m/libc_nano.a(lib_a-init.o)
 .ARM.attributes
                0x0000000000000621       0x2c /usr/bin/../lib/gcc/arm-none-eabi/7.3.1/../../../../arm-none-eabi/lib/thumb/v6-m/libc_nano.a(lib_a-memset.o)
 .ARM.attributes
                0x000000000000064d       0x2c /usr/bin/../lib/gcc/arm-none-eabi/7.3.1/../../../../arm-none-eabi/lib/thumb/v6-m/libc_nano.a(lib_a-printf.o)
 .ARM.attributes
                0x0000000000000679       0x2c /usr/bin/../lib/gcc/arm-none-eabi/7.3.1/../../../../arm-none-eabi/lib/thumb/v6-m/libc_nano.a(lib_a-puts.o)
 .ARM.attributes
                0x00000000000006a5       0x2c /usr/bin/../lib/gcc/arm-none-eabi/7.3.1/../../../../arm-none-eabi/lib/thumb/v6-m/libc_nano.a(lib_a-wbuf.o)
 .ARM.attributes
                0x00000000000006d1       0x2c /usr/bin/../lib/gcc/arm-none-eabi/7.3.1/../../../../arm-none-eabi/lib/thumb/v6-m/libc_nano.a(lib_a-wsetup.o)
 .ARM.attributes
                0x00000000000006fd       0x2c /usr/bin/../lib/gcc/arm-none-eabi/7.3.1/../../../../arm-none-eabi/lib/thumb/v6-m/libc_nano.a(lib_a-fflush.o)
 .ARM.attributes
                0x0000000000000729       0x2c /usr/bin/../lib/gcc/arm-none-eabi/7.3.1/../../../../arm-none-eabi/lib/thumb/v6-m/libc_nano.a(lib_a-findfp.o)
 .ARM.attributes
                0x0000000000000755       0x2c /usr/bin/../lib/gcc/arm-none-eabi/7.3.1/../../../../arm-none-eabi/lib/thumb/v6-m/libc_nano.a(lib_a-fwalk.o)
 .ARM.attributes
                0x0000000000000781       0x2c /usr/bin/../lib/gcc/arm-none-eabi/7.3.1/../../../../arm-none-eabi/lib/thumb/v6-m/libc_nano.a(lib_a-makebuf.o)
 .ARM.attributes
                0x00000000000007ad       0x2c /usr/bin/../lib/gcc/arm-none-eabi/7.3.1/../../../../arm-none-eabi/lib/thumb/v6-m/libc_nano.a(lib_a-nano-freer.o)
 .ARM.attributes
                0x00000000000007d9       0x2c /usr/bin/../lib/gcc/arm-none-eabi/7.3.1/../../../../arm-none-eabi/lib/thumb/v6-m/libc_nano.a(lib_a-nano-mallocr.o)
 .ARM.attributes
                0x0000000000000805       0x2c /usr/bin/../lib/gcc/arm-none-eabi/7.3.1/../../../../arm-none-eabi/lib/thumb/v6-m/libc_nano.a(lib_a-nano-vfprintf.o)
 .ARM.attributes
                0x0000000000000831       0x2c /usr/bin/../lib/gcc/arm-none-eabi/7.3.1/../../../../arm-none-eabi/lib/thumb/v6-m/libc_nano.a(lib_a-nano-vfprintf_i.o)
 .ARM.attributes
                0x000000000000085d       0x2c /usr/bin/../lib/gcc/arm-none-eabi/7.3.1/../../../../arm-none-eabi/lib/thumb/v6-m/libc_nano.a(lib_a-stdio.o)
 .ARM.attributes
                0x0000000000000889       0x2c /usr/bin/../lib/gcc/arm-none-eabi/7.3.1/../../../../arm-none-eabi/lib/thumb/v6-m/libc_nano.a(lib_a-memchr-stub.o)
 .ARM.attributes
                0x00000000000008b5       0x2c /usr/bin/../lib/gcc/arm-none-eabi/7.3.1/../../../../arm-none-eabi/lib/thumb/v6-m/libc_nano.a(lib_a-mlock.o)

.debug_frame    0x0000000000000000     0x1410
 .debug_frame   0x0000000000000000       0x28 /home/ek-181/button/bin/stm32f0discovery/cpu/vectors.o
 .debug_frame   0x0000000000000028      0x190 /home/ek-181/button/bin/stm32f0discovery/newlib_syscalls_default/syscalls.o
 .debug_frame   0x00000000000001b8       0x78 /home/ek-181/button/bin/stm32f0discovery/core.a(sched.o)
 .debug_frame   0x0000000000000230       0x30 /home/ek-181/button/bin/stm32f0discovery/core.a(bitarithm.o)